Microchip MPLAB XC8 Compiler V2.10 ()

Linker command line:

-W-3 --edf=/opt/microchip/xc8/v2.10/pic/dat/en_msgs.txt -cs \
  -h+dist/default/production/kClock.X.production.sym \
  --cmf=dist/default/production/kClock.X.production.cmf -z -Q16F1939 \
  -o/tmp/xcXTgpupJ --defsym=__MPLAB_BUILD=1 \
  -Mdist/default/production/kClock.X.production.map -E1 -ver=XC8 \
  --acfsm=1493 -ASTACK=02089h-023EFh -pstack=STACK -ACODE=00h-07FFhx8 \
  -ASTRCODE=00h-03FFFh -ASTRING=00h-0FFhx64 -ACONST=00h-0FFhx64 \
  -AENTRY=00h-0FFhx64 -ACOMMON=070h-07Fh -ABANK0=020h-06Fh \
  -ABANK1=0A0h-0EFh -ABANK2=0120h-016Fh -ABANK3=01A0h-01EFh \
  -ABANK4=0220h-026Fh -ABANK5=02A0h-02EFh -ABANK6=0320h-036Fh \
  -ABANK7=03A0h-03EFh -ABANK8=0420h-046Fh -ABANK9=04A0h-04EFh \
  -ABANK10=0520h-056Fh -ABANK11=05A0h-05EFh -ABANK12=0620h-064Fh \
  -ABIGRAM=02000h-023EFh \
  -ARAM=020h-06Fh,0A0h-0EFh,0120h-016Fh,01A0h-01EFh,0220h-026Fh,02A0h-02EFh,0320h-036Fh,03A0h-03EFh,0420h-046Fh,04A0h-04EFh,0520h-056Fh,05A0h-05EFh,0620h-064Fh \
  -AABS1=020h-07Fh,0A0h-0EFh,0120h-016Fh,01A0h-01EFh,0220h-026Fh,02A0h-02EFh,0320h-036Fh,03A0h-03EFh,0420h-046Fh,04A0h-04EFh,0520h-056Fh,05A0h-05EFh,0620h-064Fh \
  -ASFR0=00h-01Fh -ASFR1=080h-09Fh -ASFR2=0100h-011Fh -ASFR3=0180h-019Fh \
  -ASFR4=0200h-021Fh -ASFR5=0280h-029Fh -ASFR6=0300h-031Fh \
  -ASFR7=0380h-039Fh -ASFR8=0400h-041Fh -ASFR9=0480h-049Fh \
  -ASFR10=0500h-051Fh -ASFR11=0580h-059Fh -ASFR12=0600h-061Fh \
  -ASFR13=0680h-06EFh -ASFR14=0700h-076Fh -ASFR15=0780h-07EFh \
  -ASFR16=0800h-086Fh -ASFR17=0880h-08EFh -ASFR18=0900h-096Fh \
  -ASFR19=0980h-09EFh -ASFR20=0A00h-0A6Fh -ASFR21=0A80h-0AEFh \
  -ASFR22=0B00h-0B6Fh -ASFR23=0B80h-0BEFh -ASFR24=0C00h-0C6Fh \
  -ASFR25=0C80h-0CEFh -ASFR26=0D00h-0D6Fh -ASFR27=0D80h-0DEFh \
  -ASFR28=0E00h-0E6Fh -ASFR29=0E80h-0EEFh -ASFR30=0F00h-0F6Fh \
  -ASFR31=0F80h-0FEFh -preset_vec=00h,intentry=04h,init,end_init \
  -ppowerup=CODE -pcinit=CODE -pfunctab=ENTRY -ACONFIG=08007h-08008h \
  -pconfig=CONFIG -DCONFIG=2 -AIDLOC=08000h-08003h -pidloc=IDLOC -DIDLOC=2 \
  -AEEDATA=00h-0FFh/0F000h -peeprom_data=EEDATA -DEEDATA=2 -DCODE=2 \
  -DSTRCODE=2 -DSTRING=2 -DCONST=2 -DENTRY=2 -k /tmp/xcXQPOJbU.o \
  dist/default/production/kClock.X.production.o 

Object code version is 3.11

Machine type is 16F1939



                Name                               Link     Load   Length Selector   Space Scale
/tmp/xcXQPOJbU.o
                end_init                             44       44        2        8       0
                reset_vec                             0        0        2        0       0
                config                             8007     8007        2    1000E       0
dist/default/production/kClock.X.production.o
                cinit                                46       46       19        8       0
                intentry                              4        4       40        8       0
                text139                             3E5      3E5       3B        8       0
                text138                            1442     1442        1     2884       0
                text137                            1645     1645        F     2C8A       0
                text136                            151C     151C        9     2A38       0
                text135                              5F       5F       70        8       0
                text134                            1443     1443        1     2886       0
                text133                            15B8     15B8        C     2B70       0
                text132                            14FC     14FC        8     29F8       0
                text131                            144A     144A        3     2894       0
                text130                            1477     1477        4     28EE       0
                text129                            147B     147B        4     28F6       0
                text128                            144D     144D        3     289A       0
                text127                            1450     1450        3     28A0       0
                text126                            1654     1654       10     2CA8       0
                text125                             6E7      6E7       26        8       0
                text124                            15F4     15F4        D     2BE8       0
                text123                            1675     1675       12     2CEA       0
                text122                            1446     1446        2     288C       0
                text121                            1448     1448        2     2890       0
                text120                            1687     1687       12     2D0E       0
                text119                            1699     1699       12     2D32       0
                text118                            16AB     16AB       12     2D56       0
                text117                            17C9     17C9       19     2F92       0
                text116                               2        2        2        0       0
                text115                            1453     1453        3     28A6       0
                text114                            1444     1444        1     2888       0
                text113                            147F     147F        4     28FE       0
                text112                            1456     1456        3     28AC       0
                text111                            1493     1493        5     2926       0
                text110                            1504     1504        8     2A08       0
                text109                            1459     1459        3     28B2       0
                text108                             533      533       34        8       0
                text107                            150C     150C        8     2A18       0
                text106                            1498     1498        5     2930       0
                text105                            149D     149D        5     293A       0
                text104                            14A2     14A2        5     2944       0
                text103                            14A7     14A7        5     294E       0
                text102                            14AC     14AC        5     2958       0
                text101                            1525     1525        9     2A4A       0
                text100                            1514     1514        8     2A28       0
                text99                             14F5     14F5        7     29EA       0
                text98                             14B1     14B1        5     2962       0
                text97                             14B6     14B6        5     296C       0
                text96                             14BB     14BB        5     2976       0
                text95                              5C5      5C5       2D        8       0
                text94                              1DF      1DF       55        8       0
                text93                              2D8      2D8       4B        8       0
                text92                             145C     145C        3     28B8       0
                text91                              646      646       2A        8       0
                text89                              7A0      7A0       24        8       0
                text88                             1601     1601        D     2C02       0
                text87                              77C      77C       24        8       0
                text86                               CF       CF       5D        8       0
                text85                              800      800        8        8       0
                text84                             152E     152E        9     2A5C       0
                text83                             1537     1537        9     2A6E       0
                text82                             1540     1540        9     2A80       0
                text81                              757      757       25        8       0
                text80                             1483     1483        4     2906       0
                text79                             15C4     15C4        C     2B88       0
                text78                             1549     1549        9     2A92       0
                text77                              598      598       2D        8       0
                text76                             14C5     14C5        6     298A       0
                text75                             16FA     16FA       16     2DF4       0
                text74                             1487     1487        4     290E       0
                text73                             1710     1710       16     2E20       0
                text72                              732      732       25        8       0
                text71                              70D      70D       25        8       0
                text70                              826      826       20     104C       0
                text69                              7C4      7C4       21        8       0
                text68                              492      492       38        8       0
                text67                              459      459       39        8       0
                text66                             16D0     16D0       15     2DA0       0
                text65                             16E5     16E5       15     2DCA       0
                text64                             145F     145F        3     28BE       0
                text63                             1462     1462        3     28C4       0
                text62                             17E2     17E2       1E     2FC4       0
                text61                             1465     1465        3     28CA       0
                text60                             148B     148B        4     2916       0
                text59                             1468     1468        3     28D0       0
                text58                             146B     146B        3     28D6       0
                text57                             1726     1726       17     2E4C       0
                text56                              6C0      6C0       27        8       0
                text55                             161B     161B        E     2C36       0
                text54                             173D     173D       17     2E7A       0
                text53                             14CB     14CB        6     2996       0
                text52                             14D1     14D1        6     29A2       0
                text51                             14D7     14D7        6     29AE       0
                text50                             1754     1754       17     2EA8       0
                text49                             176B     176B       17     2ED6       0
                text48                             1782     1782       17     2F04       0
                text47                              808      808       1E     1010       0
                text46                             146E     146E        3     28DC       0
                text45                             1445     1445        1     288A       0
                text44                             148F     148F        4     291E       0
                text43                             1471     1471        3     28E2       0
                text42                             14DD     14DD        6     29BA       0
                text41                             1552     1552        9     2AA4       0
                text40                             1474     1474        3     28E8       0
                text39                              420      420       39        8       0
                text38                             15D0     15D0        C     2BA0       0
                text37                             155B     155B        9     2AB6       0
                text36                             1564     1564        9     2AC8       0
                text35                             156D     156D        9     2ADA       0
                text34                             1576     1576        9     2AEC       0
                text33                             157F     157F        9     2AFE       0
                text32                             160E     160E        D     2C1C       0
                text31                             15DC     15DC        C     2BB8       0
                text30                             15AD     15AD        B     2B5A       0
                text29                             1588     1588        9     2B10       0
                text28                             1591     1591        9     2B22       0
                text27                             159A     159A        9     2B34       0
                text26                              4FF      4FF       34        8       0
                text25                              12C      12C       5A        8       0
                text24                              234      234       53        8       0
                text23                              567      567       31        8       0
                text22                             1664     1664       11     2CC8       0
                text21                             1629     1629        E     2C52       0
                text20                             15A3     15A3        A     2B46       0
                text19                              61C      61C       2A        8       0
                text18                             14C0     14C0        5     2980       0
                text17                             15E8     15E8        C     2BD0       0
                text16                             14E3     14E3        6     29C6       0
                text15                             14E9     14E9        6     29D2       0
                text14                              287      287       51        8       0
                text13                             1637     1637        E     2C6E       0
                text12                              5F2      5F2       2A        8       0
                text11                             16BD     16BD       13     2D7A       0
                text10                              36A      36A       3E        8       0
                text9                               186      186       59        8       0
                text8                               3A8      3A8       3D        8       0
                text7                               4CA      4CA       35        8       0
                text6                               323      323       47        8       0
                text5                               698      698       28        8       0
                text4                               670      670       28        8       0
                text3                              1799     1799       18     2F32       0
                text2                              17B1     17B1       18     2F62       0
                text1                               7E5      7E5       1B        8       0
                maintext                            846      846      7BA     108C       0
                cstackBANK0                          56       56       1A       20       1
                cstackCOMMON                         70       70        9       70       1
                clrtext                            14EF     14EF        6     29DE       0
                bssBANK1                             A0       A0       37       A0       1
                bssBANK0                             20       20       36       20       1
                bssCOMMON                            79       79        5       70       1
                nvBANK1                              D7       D7        2       A0       1
                stringtext2                        1800     1800        A     3000       0
                stringtext1                        1000     1000       20     2000       0

TOTAL           Name                               Link     Load   Length     Space
        CLASS   STACK          

        CLASS   CODE           
                end_init                             44       44        2         0
                cinit                                46       46       19         0
                intentry                              4        4       40         0
                reset_vec                             0        0        2         0
                text139                             3E5      3E5       3B         0
                text138                            1442     1442        1         0
                text137                            1645     1645        F         0
                text136                            151C     151C        9         0
                text135                              5F       5F       70         0
                text134                            1443     1443        1         0
                text133                            15B8     15B8        C         0
                text132                            14FC     14FC        8         0
                text131                            144A     144A        3         0
                text130                            1477     1477        4         0
                text129                            147B     147B        4         0
                text128                            144D     144D        3         0
                text127                            1450     1450        3         0
                text126                            1654     1654       10         0
                text125                             6E7      6E7       26         0
                text124                            15F4     15F4        D         0
                text123                            1675     1675       12         0
                text122                            1446     1446        2         0
                text121                            1448     1448        2         0
                text120                            1687     1687       12         0
                text119                            1699     1699       12         0
                text118                            16AB     16AB       12         0
                text117                            17C9     17C9       19         0
                text116                               2        2        2         0
                text115                            1453     1453        3         0
                text114                            1444     1444        1         0
                text113                            147F     147F        4         0
                text112                            1456     1456        3         0
                text111                            1493     1493        5         0
                text110                            1504     1504        8         0
                text109                            1459     1459        3         0
                text108                             533      533       34         0
                text107                            150C     150C        8         0
                text106                            1498     1498        5         0
                text105                            149D     149D        5         0
                text104                            14A2     14A2        5         0
                text103                            14A7     14A7        5         0
                text102                            14AC     14AC        5         0
                text101                            1525     1525        9         0
                text100                            1514     1514        8         0
                text99                             14F5     14F5        7         0
                text98                             14B1     14B1        5         0
                text97                             14B6     14B6        5         0
                text96                             14BB     14BB        5         0
                text95                              5C5      5C5       2D         0
                text94                              1DF      1DF       55         0
                text93                              2D8      2D8       4B         0
                text92                             145C     145C        3         0
                text91                              646      646       2A         0
                text89                              7A0      7A0       24         0
                text88                             1601     1601        D         0
                text87                              77C      77C       24         0
                text86                               CF       CF       5D         0
                text85                              800      800        8         0
                text84                             152E     152E        9         0
                text83                             1537     1537        9         0
                text82                             1540     1540        9         0
                text81                              757      757       25         0
                text80                             1483     1483        4         0
                text79                             15C4     15C4        C         0
                text78                             1549     1549        9         0
                text77                              598      598       2D         0
                text76                             14C5     14C5        6         0
                text75                             16FA     16FA       16         0
                text74                             1487     1487        4         0
                text73                             1710     1710       16         0
                text72                              732      732       25         0
                text71                              70D      70D       25         0
                text70                              826      826       20         0
                text69                              7C4      7C4       21         0
                text68                              492      492       38         0
                text67                              459      459       39         0
                text66                             16D0     16D0       15         0
                text65                             16E5     16E5       15         0
                text64                             145F     145F        3         0
                text63                             1462     1462        3         0
                text62                             17E2     17E2       1E         0
                text61                             1465     1465        3         0
                text60                             148B     148B        4         0
                text59                             1468     1468        3         0
                text58                             146B     146B        3         0
                text57                             1726     1726       17         0
                text56                              6C0      6C0       27         0
                text55                             161B     161B        E         0
                text54                             173D     173D       17         0
                text53                             14CB     14CB        6         0
                text52                             14D1     14D1        6         0
                text51                             14D7     14D7        6         0
                text50                             1754     1754       17         0
                text49                             176B     176B       17         0
                text48                             1782     1782       17         0
                text47                              808      808       1E         0
                text46                             146E     146E        3         0
                text45                             1445     1445        1         0
                text44                             148F     148F        4         0
                text43                             1471     1471        3         0
                text42                             14DD     14DD        6         0
                text41                             1552     1552        9         0
                text40                             1474     1474        3         0
                text39                              420      420       39         0
                text38                             15D0     15D0        C         0
                text37                             155B     155B        9         0
                text36                             1564     1564        9         0
                text35                             156D     156D        9         0
                text34                             1576     1576        9         0
                text33                             157F     157F        9         0
                text32                             160E     160E        D         0
                text31                             15DC     15DC        C         0
                text30                             15AD     15AD        B         0
                text29                             1588     1588        9         0
                text28                             1591     1591        9         0
                text27                             159A     159A        9         0
                text26                              4FF      4FF       34         0
                text25                              12C      12C       5A         0
                text24                              234      234       53         0
                text23                              567      567       31         0
                text22                             1664     1664       11         0
                text21                             1629     1629        E         0
                text20                             15A3     15A3        A         0
                text19                              61C      61C       2A         0
                text18                             14C0     14C0        5         0
                text17                             15E8     15E8        C         0
                text16                             14E3     14E3        6         0
                text15                             14E9     14E9        6         0
                text14                              287      287       51         0
                text13                             1637     1637        E         0
                text12                              5F2      5F2       2A         0
                text11                             16BD     16BD       13         0
                text10                              36A      36A       3E         0
                text9                               186      186       59         0
                text8                               3A8      3A8       3D         0
                text7                               4CA      4CA       35         0
                text6                               323      323       47         0
                text5                               698      698       28         0
                text4                               670      670       28         0
                text3                              1799     1799       18         0
                text2                              17B1     17B1       18         0
                text1                               7E5      7E5       1B         0
                maintext                            846      846      7BA         0
                clrtext                            14EF     14EF        6         0

        CLASS   STRCODE        
                stringtext2                        1800     1800        A         0
                stringtext1                        1000     1000       20         0

        CLASS   STRING         

        CLASS   CONST          

        CLASS   ENTRY          

        CLASS   COMMON         
                cstackCOMMON                         70       70        9         1
                bssCOMMON                            79       79        5         1

        CLASS   BANK0          
                cstackBANK0                          56       56       1A         1
                bssBANK0                             20       20       36         1

        CLASS   BANK1          
                bssBANK1                             A0       A0       37         1
                nvBANK1                              D7       D7        2         1

        CLASS   BANK2          

        CLASS   BANK3          

        CLASS   BANK4          

        CLASS   BANK5          

        CLASS   BANK6          

        CLASS   BANK7          

        CLASS   BANK8          

        CLASS   BANK9          

        CLASS   BANK10         

        CLASS   BANK11         

        CLASS   BANK12         

        CLASS   BIGRAM         

        CLASS   RAM            

        CLASS   ABS1           
                abs_s1                               7E       7E        2         1

        CLASS   SFR0           

        CLASS   SFR1           

        CLASS   SFR2           

        CLASS   SFR3           

        CLASS   SFR4           

        CLASS   SFR5           

        CLASS   SFR6           

        CLASS   SFR7           

        CLASS   SFR8           

        CLASS   SFR9           

        CLASS   SFR10          

        CLASS   SFR11          

        CLASS   SFR12          

        CLASS   SFR13          

        CLASS   SFR14          

        CLASS   SFR15          

        CLASS   SFR16          

        CLASS   SFR17          

        CLASS   SFR18          

        CLASS   SFR19          

        CLASS   SFR20          

        CLASS   SFR21          

        CLASS   SFR22          

        CLASS   SFR23          

        CLASS   SFR24          

        CLASS   SFR25          

        CLASS   SFR26          

        CLASS   SFR27          

        CLASS   SFR28          

        CLASS   SFR29          

        CLASS   SFR30          

        CLASS   SFR31          

        CLASS   CONFIG         
                config                             8007     8007        2         0

        CLASS   IDLOC          

        CLASS   EEDATA         

        CLASS   BANK31         

        CLASS   BANK30         

        CLASS   BANK29         

        CLASS   BANK28         

        CLASS   BANK27         

        CLASS   BANK26         

        CLASS   BANK25         

        CLASS   BANK24         

        CLASS   BANK23         

        CLASS   BANK22         

        CLASS   BANK21         

        CLASS   BANK20         

        CLASS   BANK19         

        CLASS   BANK18         

        CLASS   BANK17         

        CLASS   BANK16         

        CLASS   BANK15         

        CLASS   BANK14         

        CLASS   BANK13         



SEGMENTS        Name                           Load    Length   Top    Selector   Space  Class     Delta

                reset_vec                      000000  000004  000004         0       0  CODE        2
                intentry                       000004  000804  000808         8       0  CODE        2
                bssBANK0                       000020  000050  000070        20       1  BANK0       1
                cstackCOMMON                   000070  00000E  00007E        70       1  COMMON      1
                bssBANK1                       0000A0  000039  0000D9        A0       1  BANK1       1
                text47                         000808  00001E  000826      1010       0  CODE        2
                text70                         000826  000020  000846      104C       0  CODE        2
                maintext                       000846  0007BA  001000      108C       0  CODE        2
                stringtext1                    001000  000020  001020      2000       0  STRCODE     2
                text138                        001442  000001  001443      2884       0  CODE        2
                text134                        001443  000001  001444      2886       0  CODE        2
                text114                        001444  000001  001445      2888       0  CODE        2
                text45                         001445  000001  001446      288A       0  CODE        2
                text122                        001446  000002  001448      288C       0  CODE        2
                text121                        001448  000002  00144A      2890       0  CODE        2
                text131                        00144A  000003  00144D      2894       0  CODE        2
                text128                        00144D  000003  001450      289A       0  CODE        2
                text127                        001450  000003  001453      28A0       0  CODE        2
                text115                        001453  000003  001456      28A6       0  CODE        2
                text112                        001456  000003  001459      28AC       0  CODE        2
                text109                        001459  000003  00145C      28B2       0  CODE        2
                text92                         00145C  000003  00145F      28B8       0  CODE        2
                text64                         00145F  000003  001462      28BE       0  CODE        2
                text63                         001462  000003  001465      28C4       0  CODE        2
                text61                         001465  000003  001468      28CA       0  CODE        2
                text59                         001468  000003  00146B      28D0       0  CODE        2
                text58                         00146B  000003  00146E      28D6       0  CODE        2
                text46                         00146E  000003  001471      28DC       0  CODE        2
                text43                         001471  000003  001474      28E2       0  CODE        2
                text40                         001474  000003  001477      28E8       0  CODE        2
                text130                        001477  000004  00147B      28EE       0  CODE        2
                text129                        00147B  000004  00147F      28F6       0  CODE        2
                text113                        00147F  000004  001483      28FE       0  CODE        2
                text80                         001483  000004  001487      2906       0  CODE        2
                text74                         001487  000004  00148B      290E       0  CODE        2
                text60                         00148B  000004  00148F      2916       0  CODE        2
                text44                         00148F  000004  001493      291E       0  CODE        2
                text111                        001493  000005  001498      2926       0  CODE        2
                text106                        001498  000005  00149D      2930       0  CODE        2
                text105                        00149D  000005  0014A2      293A       0  CODE        2
                text104                        0014A2  000005  0014A7      2944       0  CODE        2
                text103                        0014A7  000005  0014AC      294E       0  CODE        2
                text102                        0014AC  000005  0014B1      2958       0  CODE        2
                text98                         0014B1  000005  0014B6      2962       0  CODE        2
                text97                         0014B6  000005  0014BB      296C       0  CODE        2
                text96                         0014BB  000005  0014C0      2976       0  CODE        2
                text18                         0014C0  000005  0014C5      2980       0  CODE        2
                text76                         0014C5  000006  0014CB      298A       0  CODE        2
                text53                         0014CB  000006  0014D1      2996       0  CODE        2
                text52                         0014D1  000006  0014D7      29A2       0  CODE        2
                text51                         0014D7  000006  0014DD      29AE       0  CODE        2
                text42                         0014DD  000006  0014E3      29BA       0  CODE        2
                text16                         0014E3  000006  0014E9      29C6       0  CODE        2
                text15                         0014E9  000006  0014EF      29D2       0  CODE        2
                clrtext                        0014EF  000006  0014F5      29DE       0  CODE        2
                text99                         0014F5  000007  0014FC      29EA       0  CODE        2
                text132                        0014FC  000008  001504      29F8       0  CODE        2
                text110                        001504  000008  00150C      2A08       0  CODE        2
                text107                        00150C  000008  001514      2A18       0  CODE        2
                text100                        001514  000008  00151C      2A28       0  CODE        2
                text136                        00151C  000009  001525      2A38       0  CODE        2
                text101                        001525  000009  00152E      2A4A       0  CODE        2
                text84                         00152E  000009  001537      2A5C       0  CODE        2
                text83                         001537  000009  001540      2A6E       0  CODE        2
                text82                         001540  000009  001549      2A80       0  CODE        2
                text78                         001549  000009  001552      2A92       0  CODE        2
                text41                         001552  000009  00155B      2AA4       0  CODE        2
                text37                         00155B  000009  001564      2AB6       0  CODE        2
                text36                         001564  000009  00156D      2AC8       0  CODE        2
                text35                         00156D  000009  001576      2ADA       0  CODE        2
                text34                         001576  000009  00157F      2AEC       0  CODE        2
                text33                         00157F  000009  001588      2AFE       0  CODE        2
                text29                         001588  000009  001591      2B10       0  CODE        2
                text28                         001591  000009  00159A      2B22       0  CODE        2
                text27                         00159A  000009  0015A3      2B34       0  CODE        2
                text20                         0015A3  00000A  0015AD      2B46       0  CODE        2
                text30                         0015AD  00000B  0015B8      2B5A       0  CODE        2
                text133                        0015B8  00000C  0015C4      2B70       0  CODE        2
                text79                         0015C4  00000C  0015D0      2B88       0  CODE        2
                text38                         0015D0  00000C  0015DC      2BA0       0  CODE        2
                text31                         0015DC  00000C  0015E8      2BB8       0  CODE        2
                text17                         0015E8  00000C  0015F4      2BD0       0  CODE        2
                text124                        0015F4  00000D  001601      2BE8       0  CODE        2
                text88                         001601  00000D  00160E      2C02       0  CODE        2
                text32                         00160E  00000D  00161B      2C1C       0  CODE        2
                text55                         00161B  00000E  001629      2C36       0  CODE        2
                text21                         001629  00000E  001637      2C52       0  CODE        2
                text13                         001637  00000E  001645      2C6E       0  CODE        2
                text137                        001645  00000F  001654      2C8A       0  CODE        2
                text126                        001654  000010  001664      2CA8       0  CODE        2
                text22                         001664  000011  001675      2CC8       0  CODE        2
                text123                        001675  000012  001687      2CEA       0  CODE        2
                text120                        001687  000012  001699      2D0E       0  CODE        2
                text119                        001699  000012  0016AB      2D32       0  CODE        2
                text118                        0016AB  000012  0016BD      2D56       0  CODE        2
                text11                         0016BD  000013  0016D0      2D7A       0  CODE        2
                text66                         0016D0  000015  0016E5      2DA0       0  CODE        2
                text65                         0016E5  000015  0016FA      2DCA       0  CODE        2
                text75                         0016FA  000016  001710      2DF4       0  CODE        2
                text73                         001710  000016  001726      2E20       0  CODE        2
                text57                         001726  000017  00173D      2E4C       0  CODE        2
                text54                         00173D  000017  001754      2E7A       0  CODE        2
                text50                         001754  000017  00176B      2EA8       0  CODE        2
                text49                         00176B  000017  001782      2ED6       0  CODE        2
                text48                         001782  000017  001799      2F04       0  CODE        2
                text3                          001799  000018  0017B1      2F32       0  CODE        2
                text2                          0017B1  000018  0017C9      2F62       0  CODE        2
                text117                        0017C9  000019  0017E2      2F92       0  CODE        2
                text62                         0017E2  00001E  001800      2FC4       0  CODE        2
                stringtext2                    001800  00000A  00180A      3000       0  STRCODE     2
                config                         008007  000002  008009     1000E       0  CONFIG      2


UNUSED ADDRESS RANGES

        Name                Unused          Largest block    Delta
        BANK1            000D9-000EF              17           1
        BANK10           00520-0056F              50           1
        BANK11           005A0-005EF              50           1
        BANK12           00620-0064F              30           1
        BANK2            00120-0016F              50           1
        BANK3            001A0-001EF              50           1
        BANK4            00220-0026F              50           1
        BANK5            002A0-002EF              50           1
        BANK6            00320-0036F              50           1
        BANK7            003A0-003EF              50           1
        BANK8            00420-0046F              50           1
        BANK9            004A0-004EF              50           1
        BIGRAM           02000-023EF             3F0           1
        CODE             01020-01441             422           2
                         0180A-03FFF             800
        CONST            01020-01441             100           2
                         0180A-03FFF             100
        EEDATA           0F000-0F0FF             100           2
        ENTRY            01020-01441             100           2
                         0180A-03FFF             100
        IDLOC            08000-08003               4           2
        RAM              000D9-000EF              17           1
                         00120-0016F              50
                         001A0-001EF              50
                         00220-0026F              50
                         002A0-002EF              50
                         00320-0036F              50
                         003A0-003EF              50
                         00420-0046F              50
                         004A0-004EF              50
                         00520-0056F              50
                         005A0-005EF              50
                         00620-0064F              30
        SFR0             00000-0001F              20           1
        SFR1             00080-0009F              20           1
        SFR10            00500-0051F              20           1
        SFR11            00580-0059F              20           1
        SFR12            00600-0061F              20           1
        SFR13            00680-006EF              70           1
        SFR14            00700-0076F              70           1
        SFR15            00780-007EF              70           1
        SFR16            00800-0086F              70           1
        SFR17            00880-008EF              70           1
        SFR18            00900-0096F              70           1
        SFR19            00980-009EF              70           1
        SFR2             00100-0011F              20           1
        SFR20            00A00-00A6F              70           1
        SFR21            00A80-00AEF              70           1
        SFR22            00B00-00B6F              70           1
        SFR23            00B80-00BEF              70           1
        SFR24            00C00-00C6F              70           1
        SFR25            00C80-00CEF              70           1
        SFR26            00D00-00D6F              70           1
        SFR27            00D80-00DEF              70           1
        SFR28            00E00-00E6F              70           1
        SFR29            00E80-00EEF              70           1
        SFR3             00180-0019F              20           1
        SFR30            00F00-00F6F              70           1
        SFR31            00F80-00FEF              70           1
        SFR4             00200-0021F              20           1
        SFR5             00280-0029F              20           1
        SFR6             00300-0031F              20           1
        SFR7             00380-0039F              20           1
        SFR8             00400-0041F              20           1
        SFR9             00480-0049F              20           1
        STACK            02089-023EF             367           1
        STRCODE          01020-01441             422           2
                         0180A-03FFF            27F6
        STRING           01020-01441             100           2
                         0180A-03FFF             100

                                  Symbol Table

?_ADC_GetConversion                            cstackBANK0  00056
?_FIR_filter                                   cstackBANK0  0005A
?___lwdiv                                      cstackBANK0  00056
?___lwmod                                      cstackBANK0  00056
?_intToBCD                                     cstackBANK0  0005E
ADC_GetConversion@channel                      cstackBANK0  00059
DATAEE_ReadByte@bAdd                           cstackBANK0  00056
DATAEE_WriteByte@GIEBitValue                   cstackBANK0  00058
DATAEE_WriteByte@bAdd                          cstackBANK0  00057
DATAEE_WriteByte@bData                         cstackBANK0  00056
EUSART_SetErrorHandler@interruptHandler        cstackBANK0  00056
EUSART_SetFramingErrorHandler@interruptHandler cstackBANK0  00056
EUSART_SetOverrunErrorHandler@interruptHandler cstackBANK0  00056
FIR_filter@buffer                              bssBANK1     000BD
FIR_filter@oldest                              bssBANK0     0002C
FIR_filter@sample                              cstackBANK0  0005A
FIR_filter@sum                                 bssBANK1     000CD
IOCBF4_SetInterruptHandler@InterruptHandler    cstackBANK0  00056
TMR0_SetInterruptHandler@InterruptHandler      cstackBANK0  00056
_ADCON0                                        (abs)        0009D
_ADCON0bits                                    (abs)        0009D
_ADCON1                                        (abs)        0009E
_ADC_GetConversion                             text89       007A0
_ADC_Initialize                                text85       00800
_ADRESH                                        (abs)        0009C
_ADRESL                                        (abs)        0009B
_ANSELA                                        (abs)        0018C
_ANSELB                                        (abs)        0018D
_ANSELD                                        (abs)        0018F
_ANSELE                                        (abs)        00190
_APFCON                                        (abs)        0011D
_BAUDCON                                       (abs)        0019F
_BORCON                                        (abs)        00116
_DATAEE_ReadByte                               text88       01601
_DATAEE_WriteByte                              text87       0077C
_EEADRH                                        (abs)        00192
_EEADRL                                        (abs)        00191
_EECON1bits                                    (abs)        00195
_EECON2                                        (abs)        00196
_EEDATH                                        (abs)        00194
_EEDATL                                        (abs)        00193
_EUSART_DefaultErrorHandler                    (abs)        00000
_EUSART_DefaultFramingErrorHandler             (abs)        00000
_EUSART_DefaultOverrunErrorHandler             (abs)        00000
_EUSART_ErrorHandler                           bssBANK1     000D1
_EUSART_FramingErrorHandler                    bssBANK1     000D5
_EUSART_Initialize                             text81       00757
_EUSART_OverrunErrorHandler                    bssBANK1     000D3
_EUSART_SetErrorHandler                        text84       0152E
_EUSART_SetFramingErrorHandler                 text83       01537
_EUSART_SetOverrunErrorHandler                 text82       01540
_FIR_filter                                    text86       000CF
_FVRCON                                        (abs)        00117
_FVRCONbits                                    (abs)        00117
_FVR_Initialize                                text80       01483
_INTCONbits                                    (abs)        0000B
_INTERRUPT_InterruptManager                    intentry     00004
_IOCBF4_DefaultInterruptHandler                text138      01442
_IOCBF4_ISR                                    text137      01645
_IOCBF4_InterruptHandler                       nvBANK1      000D7
_IOCBF4_SetInterruptHandler                    text78       01549
_IOCBFbits                                     (abs)        00396
_IOCBNbits                                     (abs)        00395
_IOCBPbits                                     (abs)        00394
_LATA                                          (abs)        0010C
_LATAbits                                      (abs)        0010C
_LATB                                          (abs)        0010D
_LATBbits                                      (abs)        0010D
_LATC                                          (abs)        0010E
_LATCbits                                      (abs)        0010E
_LATD                                          (abs)        0010F
_LATE                                          (abs)        00110
_LATEbits                                      (abs)        00110
_OPTION_REG                                    (abs)        00095
_OPTION_REGbits                                (abs)        00095
_OSCCON                                        (abs)        00099
_OSCILLATOR_Initialize                         text79       015C4
_OSCTUNE                                       (abs)        00098
_PIE1bits                                      (abs)        00091
_PIE2bits                                      (abs)        00092
_PIN_MANAGER_IOC                               text136      0151C
_PIN_MANAGER_Initialize                        text77       00598
_PIR1bits                                      (abs)        00011
_PIR2bits                                      (abs)        00012
_PLLR                                          (abs)        004D6
_PORTBbits                                     (abs)        0000D
_RCREG                                         (abs)        00199
_RCSTA                                         (abs)        0019D
_RCSTAbits                                     (abs)        0019D
_SPBRGH                                        (abs)        0019C
_SPBRGL                                        (abs)        0019B
_SSPADD                                        (abs)        00212
_SSPBUF                                        (abs)        00211
_SSPCON1                                       (abs)        00215
_SSPCON1bits                                   (abs)        00215
_SSPCON2                                       (abs)        00216
_SSPCON2bits                                   (abs)        00216
_SSPMSK                                        (abs)        00213
_SSPSTAT                                       (abs)        00214
_SSPSTATbits                                   (abs)        00214
_SYSTEM_Initialize                             text73       01710
_TMR0                                          (abs)        00015
_TMR0_CallBack                                 text133      015B8
_TMR0_DefaultInterruptHandler                  text134      01443
_TMR0_ISR                                      text132      014FC
_TMR0_Initialize                               text75       016FA
_TMR0_InterruptHandler                         bssCOMMON    00079
_TMR0_SetInterruptHandler                      text76       014C5
_TRISA                                         (abs)        0008C
_TRISB                                         (abs)        0008D
_TRISC                                         (abs)        0008E
_TRISD                                         (abs)        0008F
_TRISE                                         (abs)        00090
_TXREG                                         (abs)        0019A
_TXSTA                                         (abs)        0019E
_TXSTAbits                                     (abs)        0019E
_WDTCON                                        (abs)        00097
_WDT_Initialize                                text74       01487
_WPUB                                          (abs)        0020D
_WPUE                                          (abs)        00210
__CFG_BOREN$ON                                 (abs)        00000
__CFG_BORV$LO                                  (abs)        00000
__CFG_CLKOUTEN$OFF                             (abs)        00000
__CFG_CP$ON                                    (abs)        00000
__CFG_CPD$OFF                                  (abs)        00000
__CFG_FCMEN$ON                                 (abs)        00000
__CFG_FOSC$INTOSC                              (abs)        00000
__CFG_IESO$ON                                  (abs)        00000
__CFG_LVP$ON                                   (abs)        00000
__CFG_MCLRE$ON                                 (abs)        00000
__CFG_PLLEN$ON                                 (abs)        00000
__CFG_PWRTE$ON                                 (abs)        00000
__CFG_STVREN$ON                                (abs)        00000
__CFG_VCAPEN$RA0                               (abs)        00000
__CFG_WDTE$ON                                  (abs)        00000
__CFG_WRT$OFF                                  (abs)        00000
__Habs1                                        abs1         00000
__Hbank0                                       bank0        00000
__Hbank1                                       bank1        00000
__Hbank10                                      bank10       00000
__Hbank11                                      bank11       00000
__Hbank12                                      bank12       00000
__Hbank13                                      bank13       00000
__Hbank14                                      bank14       00000
__Hbank15                                      bank15       00000
__Hbank16                                      bank16       00000
__Hbank17                                      bank17       00000
__Hbank18                                      bank18       00000
__Hbank19                                      bank19       00000
__Hbank2                                       bank2        00000
__Hbank20                                      bank20       00000
__Hbank21                                      bank21       00000
__Hbank22                                      bank22       00000
__Hbank23                                      bank23       00000
__Hbank24                                      bank24       00000
__Hbank25                                      bank25       00000
__Hbank26                                      bank26       00000
__Hbank27                                      bank27       00000
__Hbank28                                      bank28       00000
__Hbank29                                      bank29       00000
__Hbank3                                       bank3        00000
__Hbank30                                      bank30       00000
__Hbank31                                      bank31       00000
__Hbank4                                       bank4        00000
__Hbank5                                       bank5        00000
__Hbank6                                       bank6        00000
__Hbank7                                       bank7        00000
__Hbank8                                       bank8        00000
__Hbank9                                       bank9        00000
__Hbigram                                      bigram       00000
__HbssBANK0                                    bssBANK0     00000
__HbssBANK1                                    bssBANK1     00000
__HbssCOMMON                                   bssCOMMON    00000
__Hcinit                                       cinit        0005F
__Hclrtext                                     clrtext      00000
__Hcode                                        code         00000
__Hcommon                                      common       00000
__Hconfig                                      config       08009
__HcstackBANK0                                 cstackBANK0  00000
__HcstackCOMMON                                cstackCOMMON 00000
__Heeprom_data                                 eeprom_data  00000
__Hend_init                                    end_init     00046
__Hfunctab                                     functab      00000
__Hidloc                                       idloc        00000
__Hinit                                        init         00044
__Hintentry                                    intentry     00044
__Hmaintext                                    maintext     00000
__HnvBANK1                                     nvBANK1      00000
__Hpowerup                                     powerup      00000
__Hram                                         ram          00000
__Hreset_vec                                   reset_vec    00002
__Hsfr0                                        sfr0         00000
__Hsfr1                                        sfr1         00000
__Hsfr10                                       sfr10        00000
__Hsfr11                                       sfr11        00000
__Hsfr12                                       sfr12        00000
__Hsfr13                                       sfr13        00000
__Hsfr14                                       sfr14        00000
__Hsfr15                                       sfr15        00000
__Hsfr16                                       sfr16        00000
__Hsfr17                                       sfr17        00000
__Hsfr18                                       sfr18        00000
__Hsfr19                                       sfr19        00000
__Hsfr2                                        sfr2         00000
__Hsfr20                                       sfr20        00000
__Hsfr21                                       sfr21        00000
__Hsfr22                                       sfr22        00000
__Hsfr23                                       sfr23        00000
__Hsfr24                                       sfr24        00000
__Hsfr25                                       sfr25        00000
__Hsfr26                                       sfr26        00000
__Hsfr27                                       sfr27        00000
__Hsfr28                                       sfr28        00000
__Hsfr29                                       sfr29        00000
__Hsfr3                                        sfr3         00000
__Hsfr30                                       sfr30        00000
__Hsfr31                                       sfr31        00000
__Hsfr4                                        sfr4         00000
__Hsfr5                                        sfr5         00000
__Hsfr6                                        sfr6         00000
__Hsfr7                                        sfr7         00000
__Hsfr8                                        sfr8         00000
__Hsfr9                                        sfr9         00000
__Hspace_0                                     (abs)        08009
__Hspace_1                                     (abs)        000D9
__Hspace_2                                     (abs)        00000
__Hspace_3                                     (abs)        00000
__Hstack                                       stack        00000
__Hstrings                                     strings      00000
__Hstringtext1                                 stringtext1  00000
__Hstringtext2                                 stringtext2  00000
__Htext                                        text         00000
__Labs1                                        abs1         00000
__Lbank0                                       bank0        00000
__Lbank1                                       bank1        00000
__Lbank10                                      bank10       00000
__Lbank11                                      bank11       00000
__Lbank12                                      bank12       00000
__Lbank13                                      bank13       00000
__Lbank14                                      bank14       00000
__Lbank15                                      bank15       00000
__Lbank16                                      bank16       00000
__Lbank17                                      bank17       00000
__Lbank18                                      bank18       00000
__Lbank19                                      bank19       00000
__Lbank2                                       bank2        00000
__Lbank20                                      bank20       00000
__Lbank21                                      bank21       00000
__Lbank22                                      bank22       00000
__Lbank23                                      bank23       00000
__Lbank24                                      bank24       00000
__Lbank25                                      bank25       00000
__Lbank26                                      bank26       00000
__Lbank27                                      bank27       00000
__Lbank28                                      bank28       00000
__Lbank29                                      bank29       00000
__Lbank3                                       bank3        00000
__Lbank30                                      bank30       00000
__Lbank31                                      bank31       00000
__Lbank4                                       bank4        00000
__Lbank5                                       bank5        00000
__Lbank6                                       bank6        00000
__Lbank7                                       bank7        00000
__Lbank8                                       bank8        00000
__Lbank9                                       bank9        00000
__Lbigram                                      bigram       00000
__LbssBANK0                                    bssBANK0     00000
__LbssBANK1                                    bssBANK1     00000
__LbssCOMMON                                   bssCOMMON    00000
__Lcinit                                       cinit        00046
__Lclrtext                                     clrtext      00000
__Lcode                                        code         00000
__Lcommon                                      common       00000
__Lconfig                                      config       08007
__LcstackBANK0                                 cstackBANK0  00000
__LcstackCOMMON                                cstackCOMMON 00000
__Leeprom_data                                 eeprom_data  00000
__Lend_init                                    end_init     00044
__Lfunctab                                     functab      00000
__Lidloc                                       idloc        00000
__Linit                                        init         00044
__Lintentry                                    intentry     00004
__Lmaintext                                    maintext     00000
__LnvBANK1                                     nvBANK1      00000
__Lpowerup                                     powerup      00000
__Lram                                         ram          00000
__Lreset_vec                                   reset_vec    00000
__Lsfr0                                        sfr0         00000
__Lsfr1                                        sfr1         00000
__Lsfr10                                       sfr10        00000
__Lsfr11                                       sfr11        00000
__Lsfr12                                       sfr12        00000
__Lsfr13                                       sfr13        00000
__Lsfr14                                       sfr14        00000
__Lsfr15                                       sfr15        00000
__Lsfr16                                       sfr16        00000
__Lsfr17                                       sfr17        00000
__Lsfr18                                       sfr18        00000
__Lsfr19                                       sfr19        00000
__Lsfr2                                        sfr2         00000
__Lsfr20                                       sfr20        00000
__Lsfr21                                       sfr21        00000
__Lsfr22                                       sfr22        00000
__Lsfr23                                       sfr23        00000
__Lsfr24                                       sfr24        00000
__Lsfr25                                       sfr25        00000
__Lsfr26                                       sfr26        00000
__Lsfr27                                       sfr27        00000
__Lsfr28                                       sfr28        00000
__Lsfr29                                       sfr29        00000
__Lsfr3                                        sfr3         00000
__Lsfr30                                       sfr30        00000
__Lsfr31                                       sfr31        00000
__Lsfr4                                        sfr4         00000
__Lsfr5                                        sfr5         00000
__Lsfr6                                        sfr6         00000
__Lsfr7                                        sfr7         00000
__Lsfr8                                        sfr8         00000
__Lsfr9                                        sfr9         00000
__Lspace_0                                     (abs)        00000
__Lspace_1                                     (abs)        00000
__Lspace_2                                     (abs)        00000
__Lspace_3                                     (abs)        00000
__Lstack                                       stack        00000
__Lstrings                                     strings      00000
__Lstringtext1                                 stringtext1  00000
__Lstringtext2                                 stringtext2  00000
__Ltext                                        text         00000
__S0                                           (abs)        08009
__S1                                           (abs)        000D9
__S2                                           (abs)        00000
__S3                                           (abs)        00000
___int_sp                                      stack        00000
___latbits                                     (abs)        00003
___lwdiv                                       text8        003A8
___lwdiv@counter                               cstackBANK0  0005B
___lwdiv@dividend                              cstackBANK0  00058
___lwdiv@divisor                               cstackBANK0  00056
___lwdiv@quotient                              cstackBANK0  0005C
___lwmod                                       text7        004CA
___lwmod@counter                               cstackBANK0  0005B
___lwmod@dividend                              cstackBANK0  00058
___lwmod@divisor                               cstackBANK0  00056
___sp                                          stack        00000
___stackhi                                     (abs)        023EF
___stacklo                                     (abs)        02089
__end_of_ADC_GetConversion                     text89       007C4
__end_of_ADC_Initialize                        text85       00808
__end_of_DATAEE_ReadByte                       text88       0160E
__end_of_DATAEE_WriteByte                      text87       007A0
__end_of_EUSART_Initialize                     text81       0077C
__end_of_EUSART_SetErrorHandler                text84       01537
__end_of_EUSART_SetFramingErrorHandler         text83       01540
__end_of_EUSART_SetOverrunErrorHandler         text82       01549
__end_of_FIR_filter                            text86       0012C
__end_of_FVR_Initialize                        text80       01487
__end_of_INTERRUPT_InterruptManager            intentry     00044
__end_of_IOCBF4_DefaultInterruptHandler        text138      01443
__end_of_IOCBF4_ISR                            text137      01654
__end_of_IOCBF4_SetInterruptHandler            text78       01552
__end_of_OSCILLATOR_Initialize                 text79       015D0
__end_of_PIN_MANAGER_IOC                       text136      01525
__end_of_PIN_MANAGER_Initialize                text77       005C5
__end_of_SYSTEM_Initialize                     text73       01726
__end_of_TMR0_CallBack                         text133      015C4
__end_of_TMR0_DefaultInterruptHandler          text134      01444
__end_of_TMR0_ISR                              text132      01504
__end_of_TMR0_Initialize                       text75       01710
__end_of_TMR0_SetInterruptHandler              text76       014CB
__end_of_WDT_Initialize                        text74       0148B
__end_of___lwdiv                               text8        003E5
__end_of___lwmod                               text7        004FF
__end_of__initialization                       cinit        0005B
__end_of_bcdDateDecr                           text72       00757
__end_of_bcdDateIncr                           text71       00732
__end_of_bcdHourDecr                           text70       00846
__end_of_bcdHourIncr                           text69       007E5
__end_of_bcdMinuteDecr                         text68       004CA
__end_of_bcdMinuteIncr                         text67       00492
__end_of_bcdMonthDecr                          text66       016E5
__end_of_bcdMonthIncr                          text65       016FA
__end_of_clearAlarmFlag                        text11       016D0
__end_of_displayNum                            stringtext2  0180A
__end_of_displayRefreshISR                     text135      000CF
__end_of_do_I2C_DO_ACK                         text29       01591
__end_of_do_I2C_DO_ADDRESS_NACK                text26       00533
__end_of_do_I2C_DO_NACK_RESTART                text27       015A3
__end_of_do_I2C_DO_NACK_STOP                   text28       0159A
__end_of_do_I2C_IDLE                           text37       01564
__end_of_do_I2C_RCEN                           text30       015B8
__end_of_do_I2C_RESET                          text38       015DC
__end_of_do_I2C_RX                             text24       00287
__end_of_do_I2C_SEND_ADR_READ                  text32       0161B
__end_of_do_I2C_SEND_ADR_WRITE                 text31       015E8
__end_of_do_I2C_SEND_RESTART                   text34       0157F
__end_of_do_I2C_SEND_RESTART_READ              text36       0156D
__end_of_do_I2C_SEND_RESTART_WRITE             text35       01576
__end_of_do_I2C_SEND_STOP                      text33       01588
__end_of_do_I2C_TX                             text25       00186
__end_of_do_I2C_TX_EMPTY                       text39       00459
__end_of_fsmStateTable                         stringtext1  01020
__end_of_i2c_ISR                               text23       00598
__end_of_i2c_busCollisionISR                   text130      0147B
__end_of_i2c_close                             text62       01800
__end_of_i2c_driver_TXData                     text42       014E3
__end_of_i2c_driver_clearBusCollision          text131      0144D
__end_of_i2c_driver_getRXData                  text43       01474
__end_of_i2c_driver_isNACK                     text41       0155B
__end_of_i2c_driver_open                       text17       015F4
__end_of_i2c_driver_resetBus                   text45       01446
__end_of_i2c_driver_restart                    text59       0146B
__end_of_i2c_driver_sendACK                    text60       0148F
__end_of_i2c_driver_sendNACK                   text44       01493
__end_of_i2c_driver_setBusCollisionISR         text16       014E9
__end_of_i2c_driver_setI2cISR                  text15       014EF
__end_of_i2c_driver_start                      text61       01468
__end_of_i2c_driver_startRX                    text46       01471
__end_of_i2c_driver_stop                       text58       0146E
__end_of_i2c_masterOperation                   text19       00646
__end_of_i2c_masterWrite                       text18       014C5
__end_of_i2c_open                              text14       002D8
__end_of_i2c_poller                            text21       01637
__end_of_i2c_readDataBlock                     text10       003A8
__end_of_i2c_restartWrite                      text51       014DD
__end_of_i2c_setAddressNACKCallback            text13       01645
__end_of_i2c_setBuffer                         text57       0173D
__end_of_i2c_setDataCompleteCallback           text55       01629
__end_of_i2c_writeNBytes                       text12       0061C
__end_of_initRTC                               text9        001DF
__end_of_intToBCD                              text6        0036A
__end_of_main                                  maintext     01000
__end_of_mssp_IRQisEnabled                     text20       015AD
__end_of_mssp_clearIRQ                         text64       01462
__end_of_mssp_disableIRQ                       text63       01465
__end_of_mssp_setIRQ                           text40       01477
__end_of_mssp_waitForEvent                     text22       01675
__end_of_rd1RegCompleteHandler                 text49       01782
__end_of_rd2RegCompleteHandler                 text48       01799
__end_of_rdBlkRegCompleteHandler               text47       00826
__end_of_returnReset                           text52       014D7
__end_of_returnStop                            text53       014D1
__end_of_secondISR                             text139      00420
__end_of_setCallBack                           text56       006E7
__end_of_updateAlarm1                          text5        006C0
__end_of_updateAlarm2                          text4        00698
__end_of_updateDate                            text3        017B1
__end_of_updateMonth                           text2        017C9
__end_of_updateRTC                             text1        00800
__end_of_wr1RegCompleteHandler                 text50       0176B
__end_of_wr2RegCompleteHandler                 text54       01754
__end_ofi1_do_I2C_DO_ACK                       text98       014B6
__end_ofi1_do_I2C_DO_ADDRESS_NACK              text95       005F2
__end_ofi1_do_I2C_DO_NACK_RESTART              text96       014C0
__end_ofi1_do_I2C_DO_NACK_STOP                 text97       014BB
__end_ofi1_do_I2C_IDLE                         text106      0149D
__end_ofi1_do_I2C_RCEN                         text99       014FC
__end_ofi1_do_I2C_RESET                        text107      01514
__end_ofi1_do_I2C_RX                           text93       00323
__end_ofi1_do_I2C_SEND_ADR_READ                text101      0152E
__end_ofi1_do_I2C_SEND_ADR_WRITE               text100      0151C
__end_ofi1_do_I2C_SEND_RESTART                 text103      014AC
__end_ofi1_do_I2C_SEND_RESTART_READ            text105      014A2
__end_ofi1_do_I2C_SEND_RESTART_WRITE           text104      014A7
__end_ofi1_do_I2C_SEND_STOP                    text102      014B1
__end_ofi1_do_I2C_TX                           text94       00234
__end_ofi1_do_I2C_TX_EMPTY                     text108      00567
__end_ofi1_i2c_ISR                             text91       00670
__end_ofi1_i2c_driver_TXData                   text111      01498
__end_ofi1_i2c_driver_getRXData                text112      01459
__end_ofi1_i2c_driver_isNACK                   text110      0150C
__end_ofi1_i2c_driver_resetBus                 text114      01445
__end_ofi1_i2c_driver_restart                  text128      01450
__end_ofi1_i2c_driver_sendACK                  text129      0147F
__end_ofi1_i2c_driver_sendNACK                 text113      01483
__end_ofi1_i2c_driver_startRX                  text115      01456
__end_ofi1_i2c_driver_stop                     text127      01453
__end_ofi1_i2c_restartWrite                    text116      00004
__end_ofi1_i2c_setBuffer                       text126      01664
__end_ofi1_i2c_setDataCompleteCallback         text124      01601
__end_ofi1_mssp_clearIRQ                       text92       0145F
__end_ofi1_mssp_setIRQ                         text109      0145C
__end_ofi1_rd1RegCompleteHandler               text119      016AB
__end_ofi1_rd2RegCompleteHandler               text118      016BD
__end_ofi1_rdBlkRegCompleteHandler             text117      017E2
__end_ofi1_returnReset                         text121      0144A
[...]
 Data sizes:     COMMON   BANK0   BANK1   BANK2   BANK3   BANK4   BANK5   BANK6   BANK7   BANK8   BANK9  BANK10  BANK11  BANK12
      Params:         0       0       0       0       0       0       0       0       0       0       0       0       0       0
      Locals:         0       0       0       0       0       0       0       0       0       0       0       0       0       0
      Temps:          0       0       0       0       0       0       0       0       0       0       0       0       0       0
      Totals:         0       0       0       0       0       0       0       0       0       0       0       0       0       0
Total ram usage:        0 bytes
 Hardware stack levels used:    1
 This function calls:
		Nothing
 This function is called by:
		_i2c_busCollisionISR
 This function uses a non-reentrant model


 *************** function _TMR0_ISR *****************
 Defined at:
		line 108 in file "mcc_generated_files/tmr0.c"
 Parameters:    Size  Location     Type
		None
 Auto vars:     Size  Location     Type
		None
 Return value:  Size  Location     Type
                  1    wreg      void 
 Registers used:
		wreg, fsr0l, fsr0h, fsr1l, fsr1h, status,2, status,0, pclath, cstack
 Tracked objects:
		On entry : 
		On exit  : 
		Unchanged: 
 Data sizes:     COMMON   BANK0   BANK1   BANK2   BANK3   BANK4   BANK5   BANK6   BANK7   BANK8   BANK9  BANK10  BANK11  BANK12
      Params:         0       0       0       0       0       0       0       0       0       0       0       0       0       0
      Locals:         0       0       0       0       0       0       0       0       0       0       0       0       0       0
      Temps:          0       0       0       0       0       0       0       0       0       0       0       0       0       0
      Totals:         0       0       0       0       0       0       0       0       0       0       0       0       0       0
Total ram usage:        0 bytes
 Hardware stack levels used:    1
 Hardware stack levels required when called:    2
 This function calls:
		_TMR0_CallBack
 This function is called by:
		_INTERRUPT_InterruptManager
 This function uses a non-reentrant model


 *************** function _TMR0_CallBack *****************
 Defined at:
		line 123 in file "mcc_generated_files/tmr0.c"
 Parameters:    Size  Location     Type
		None
 Auto vars:     Size  Location     Type
		None
 Return value:  Size  Location     Type
                  1    wreg      void 
 Registers used:
		wreg, fsr0l, fsr0h, fsr1l, fsr1h, status,2, status,0, pclath, cstack
 Tracked objects:
		On entry : 
		On exit  : 
		Unchanged: 
 Data sizes:     COMMON   BANK0   BANK1   BANK2   BANK3   BANK4   BANK5   BANK6   BANK7   BANK8   BANK9  BANK10  BANK11  BANK12
      Params:         0       0       0       0       0       0       0       0       0       0       0       0       0       0
      Locals:         0       0       0       0       0       0       0       0       0       0       0       0       0       0
      Temps:          0       0       0       0       0       0       0       0       0       0       0       0       0       0
      Totals:         0       0       0       0       0       0       0       0       0       0       0       0       0       0
Total ram usage:        0 bytes
 Hardware stack levels used:    1
 Hardware stack levels required when called:    1
 This function calls:
		Absolute function
		_TMR0_DefaultInterruptHandler
		_displayRefreshISR
 This function is called by:
		_TMR0_ISR
 This function uses a non-reentrant model


 *************** function _TMR0_DefaultInterruptHandler *****************
 Defined at:
		line 137 in file "mcc_generated_files/tmr0.c"
 Parameters:    Size  Location     Type
		None
 Auto vars:     Size  Location     Type
		None
 Return value:  Size  Location     Type
                  1    wreg      void 
 Registers used:
		None
 Tracked objects:
		On entry : 
		On exit  : 
		Unchanged: 
 Data sizes:     COMMON   BANK0   BANK1   BANK2   BANK3   BANK4   BANK5   BANK6   BANK7   BANK8   BANK9  BANK10  BANK11  BANK12
      Params:         0       0       0       0       0       0       0       0       0       0       0       0       0       0
      Locals:         0       0       0       0       0       0       0       0       0       0       0       0       0       0
      Temps:          0       0       0       0       0       0       0       0       0       0       0       0       0       0
      Totals:         0       0       0       0       0       0       0       0       0       0       0       0       0       0
Total ram usage:        0 bytes
 Hardware stack levels used:    1
 This function calls:
		Nothing
 This function is called by:
		_TMR0_Initialize
		_TMR0_CallBack
 This function uses a non-reentrant model


 *************** function _displayRefreshISR *****************
 Defined at:
		line 896 in file "main.c"
 Parameters:    Size  Location     Type
		None
 Auto vars:     Size  Location     Type
		None
 Return value:  Size  Location     Type
                  1    wreg      void 
 Registers used:
		wreg, fsr0l, fsr0h, fsr1l, fsr1h, status,2, status,0
 Tracked objects:
		On entry : 
		On exit  : 
		Unchanged: 
 Data sizes:     COMMON   BANK0   BANK1   BANK2   BANK3   BANK4   BANK5   BANK6   BANK7   BANK8   BANK9  BANK10  BANK11  BANK12
      Params:         0       0       0       0       0       0       0       0       0       0       0       0       0       0
      Locals:         0       0       0       0       0       0       0       0       0       0       0       0       0       0
      Temps:          2       0       0       0       0       0       0       0       0       0       0       0       0       0
      Totals:         2       0       0       0       0       0       0       0       0       0       0       0       0       0
Total ram usage:        2 bytes
 Hardware stack levels used:    1
 This function calls:
		Nothing
 This function is called by:
		_main
		_TMR0_CallBack
 This function uses a non-reentrant model


 *************** function _PIN_MANAGER_IOC *****************
 Defined at:
		line 118 in file "mcc_generated_files/pin_manager.c"
 Parameters:    Size  Location     Type
		None
 Auto vars:     Size  Location     Type
		None
 Return value:  Size  Location     Type
                  1    wreg      void 
 Registers used:
		wreg, status,2, status,0, pclath, cstack
 Tracked objects:
		On entry : 
		On exit  : 
		Unchanged: 
 Data sizes:     COMMON   BANK0   BANK1   BANK2   BANK3   BANK4   BANK5   BANK6   BANK7   BANK8   BANK9  BANK10  BANK11  BANK12
      Params:         0       0       0       0       0       0       0       0       0       0       0       0       0       0
      Locals:         0       0       0       0       0       0       0       0       0       0       0       0       0       0
      Temps:          0       0       0       0       0       0       0       0       0       0       0       0       0       0
      Totals:         0       0       0       0       0       0       0       0       0       0       0       0       0       0
Total ram usage:        0 bytes
 Hardware stack levels used:    1
 Hardware stack levels required when called:    2
 This function calls:
		_IOCBF4_ISR
 This function is called by:
		_INTERRUPT_InterruptManager
 This function uses a non-reentrant model


 *************** function _IOCBF4_ISR *****************
 Defined at:
		line 130 in file "mcc_generated_files/pin_manager.c"
 Parameters:    Size  Location     Type
		None
 Auto vars:     Size  Location     Type
		None
 Return value:  Size  Location     Type
                  1    wreg      void 
 Registers used:
		wreg, status,2, status,0, pclath, cstack
 Tracked objects:
		On entry : 
		On exit  : 
		Unchanged: 
 Data sizes:     COMMON   BANK0   BANK1   BANK2   BANK3   BANK4   BANK5   BANK6   BANK7   BANK8   BANK9  BANK10  BANK11  BANK12
      Params:         0       0       0       0       0       0       0       0       0       0       0       0       0       0
      Locals:         0       0       0       0       0       0       0       0       0       0       0       0       0       0
      Temps:          0       0       0       0       0       0       0       0       0       0       0       0       0       0
      Totals:         0       0       0       0       0       0       0       0       0       0       0       0       0       0
Total ram usage:        0 bytes
 Hardware stack levels used:    1
 Hardware stack levels required when called:    1
 This function calls:
		Absolute function
		_IOCBF4_DefaultInterruptHandler
		_secondISR
 This function is called by:
		_PIN_MANAGER_IOC
 This function uses a non-reentrant model


 *************** function _IOCBF4_DefaultInterruptHandler *****************
 Defined at:
		line 152 in file "mcc_generated_files/pin_manager.c"
 Parameters:    Size  Location     Type
		None
 Auto vars:     Size  Location     Type
		None
 Return value:  Size  Location     Type
                  1    wreg      void 
 Registers used:
		None
 Tracked objects:
		On entry : 
		On exit  : 
		Unchanged: 
 Data sizes:     COMMON   BANK0   BANK1   BANK2   BANK3   BANK4   BANK5   BANK6   BANK7   BANK8   BANK9  BANK10  BANK11  BANK12
      Params:         0       0       0       0       0       0       0       0       0       0       0       0       0       0
      Locals:         0       0       0       0       0       0       0       0       0       0       0       0       0       0
      Temps:          0       0       0       0       0       0       0       0       0       0       0       0       0       0
      Totals:         0       0       0       0       0       0       0       0       0       0       0       0       0       0
Total ram usage:        0 bytes
 Hardware stack levels used:    1
 This function calls:
		Nothing
 This function is called by:
		_PIN_MANAGER_Initialize
		_IOCBF4_ISR
 This function uses a non-reentrant model


 *************** function _secondISR *****************
 Defined at:
		line 873 in file "main.c"
 Parameters:    Size  Location     Type
		None
 Auto vars:     Size  Location     Type
		None
 Return value:  Size  Location     Type
                  1    wreg      void 
 Registers used:
		wreg, status,2, status,0
 Tracked objects:
		On entry : 
		On exit  : 
		Unchanged: 
 Data sizes:     COMMON   BANK0   BANK1   BANK2   BANK3   BANK4   BANK5   BANK6   BANK7   BANK8   BANK9  BANK10  BANK11  BANK12
      Params:         0       0       0       0       0       0       0       0       0       0       0       0       0       0
      Locals:         0       0       0       0       0       0       0       0       0       0       0       0       0       0
      Temps:          0       0       0       0       0       0       0       0       0       0       0       0       0       0
      Totals:         0       0       0       0       0       0       0       0       0       0       0       0       0       0
Total ram usage:        0 bytes
 Hardware stack levels used:    1
 This function calls:
		Nothing
 This function is called by:
		_main
		_IOCBF4_ISR
 This function uses a non-reentrant model



MODULE INFORMATION

Module		Function		Class		Link	Load	Size
/opt/microchip/xc8/v2.10/pic/sources/c99/common/lwmod.c
		___lwmod       		CODE           	04CA	0000	54

/opt/microchip/xc8/v2.10/pic/sources/c99/common/lwmod.c estimated size: 54

mcc_generated_files/fvr.c
		_FVR_Initialize		CODE           	1483	0000	5

mcc_generated_files/fvr.c estimated size: 5

mcc_generated_files/interrupt_manager.c
		_INTERRUPT_InterruptManager		CODE           	0004	0000	65

mcc_generated_files/interrupt_manager.c estimated size: 65

mcc_generated_files/tmr0.c
		_TMR0_SetInterruptHandler		CODE           	14C5	0000	7
		_TMR0_DefaultInterruptHandler		CODE           	1443	0000	2
		_TMR0_CallBack 		CODE           	15B8	0000	13
		_TMR0_ISR      		CODE           	14FC	0000	9
		_TMR0_Initialize		CODE           	16FA	0000	23

mcc_generated_files/tmr0.c estimated size: 54

mcc_generated_files/pin_manager.c
		_PIN_MANAGER_Initialize		CODE           	0598	0000	46
		_IOCBF4_DefaultInterruptHandler		CODE           	1442	0000	2
		_IOCBF4_ISR    		CODE           	1645	0000	16
		_PIN_MANAGER_IOC		CODE           	151C	0000	10
		_IOCBF4_SetInterruptHandler		CODE           	1549	0000	10

mcc_generated_files/pin_manager.c estimated size: 84

/opt/microchip/xc8/v2.10/pic/sources/c99/common/lwdiv.c
		___lwdiv       		CODE           	03A8	0000	62

/opt/microchip/xc8/v2.10/pic/sources/c99/common/lwdiv.c estimated size: 62

mcc_generated_files/adc.c
		_ADC_Initialize		CODE           	0800	0000	9
		_ADC_GetConversion		CODE           	07A0	0000	37

mcc_generated_files/adc.c estimated size: 46

mcc_generated_files/i2c_driver.c
		_i2c_driver_clearBusCollision		CODE           	144A	0000	4
		_mssp_clearIRQ 		CODE           	145F	0000	4
		_i2c_driver_setBusCollisionISR		CODE           	14E3	0000	7
		_i2c_driver_restart		CODE           	1468	0000	4
		_mssp_IRQisEnabled		CODE           	15A3	0000	11
		_i2c_driver_startRX		CODE           	146E	0000	4
		_i2c_driver_setI2cISR		CODE           	14E9	0000	7
		_i2c_driver_getRXData		CODE           	1471	0000	4
		_i2c_driver_TXData		CODE           	14DD	0000	7
		_i2c_driver_start		CODE           	1465	0000	4
		_i2c_driver_sendACK		CODE           	148B	0000	5
		_mssp_waitForEvent		CODE           	1664	0000	18
		_i2c_driver_sendNACK		CODE           	148F	0000	5
		_mssp_setIRQ   		CODE           	1474	0000	4
		_i2c_driver_resetBus		CODE           	1445	0000	2
		_mssp_disableIRQ		CODE           	1462	0000	4
		_i2c_driver_open		CODE           	15E8	0000	13
		_i2c_driver_isNACK		CODE           	1552	0000	10
		_i2c_driver_stop		CODE           	146B	0000	4

mcc_generated_files/i2c_driver.c estimated size: 121

mcc_generated_files/drivers/i2c_simple_master.c
		_i2c_readDataBlock		CODE           	036A	0000	63
		_wr1RegCompleteHandler		CODE           	1754	0000	24
		_wr2RegCompleteHandler		CODE           	173D	0000	24
		_i2c_writeNBytes		CODE           	05F2	0000	43
		_rdBlkRegCompleteHandler		CODE           	0808	0000	31
		_rd1RegCompleteHandler		CODE           	176B	0000	24
		_rd2RegCompleteHandler		CODE           	1782	0000	24

mcc_generated_files/drivers/i2c_simple_master.c estimated size: 233

shared
		i1_mssp_setIRQ 		CODE           	1459	0000	4
		i1_returnReset 		CODE           	1448	0000	3
		i1_do_I2C_SEND_ADR_READ		CODE           	1525	0000	10
		i1_do_I2C_DO_NACK_STOP		CODE           	14B6	0000	6
		_displayNum    		STRCODE        	1800	0000	11
		i1_setCallBack 		CODE           	06E7	0000	39
		i1_do_I2C_SEND_RESTART		CODE           	14A7	0000	6
		i1_i2c_restartWrite		CODE           	0002	0000	3
		i1_do_I2C_TX_EMPTY		CODE           	0533	0000	53
		i1_do_I2C_DO_NACK_RESTART		CODE           	14BB	0000	6
		i1_do_I2C_SEND_RESTART_READ		CODE           	149D	0000	6
		i1_do_I2C_DO_ADDRESS_NACK		CODE           	05C5	0000	46
		i1_i2c_driver_sendNACK		CODE           	147F	0000	5
		i1_mssp_clearIRQ		CODE           	145C	0000	4
		i1_i2c_driver_isNACK		CODE           	1504	0000	9
		i1_rd1RegCompleteHandler		CODE           	1699	0000	19
		i1_i2c_driver_restart		CODE           	144D	0000	4
		i1_i2c_driver_stop		CODE           	1450	0000	4
		i1_do_I2C_RX   		CODE           	02D8	0000	76
		i1_do_I2C_TX   		CODE           	01DF	0000	86
		i1_i2c_ISR     		CODE           	0646	0000	43
		i1_i2c_driver_resetBus		CODE           	1444	0000	2
		i1_do_I2C_IDLE 		CODE           	1498	0000	6
		i1_do_I2C_RCEN 		CODE           	14F5	0000	8
		__initialization		CODE           	0046	0000	22
		i1_i2c_driver_getRXData		CODE           	1456	0000	4
		i1_rd2RegCompleteHandler		CODE           	16AB	0000	19
		i1_i2c_driver_TXData		CODE           	1493	0000	6
		i1_i2c_setDataCompleteCallback		CODE           	15F4	0000	14
		i1_do_I2C_RESET		CODE           	150C	0000	9
		_fsmStateTable 		STRCODE        	1000	0000	33
		i1_do_I2C_SEND_RESTART_WRITE		CODE           	14A2	0000	6
		i1_do_I2C_DO_ACK		CODE           	14B1	0000	6
		i1_do_I2C_SEND_ADR_WRITE		CODE           	1514	0000	9
		i1_wr1RegCompleteHandler		CODE           	1687	0000	19
		i1_do_I2C_SEND_STOP		CODE           	14AC	0000	6
		i1_i2c_setBuffer		CODE           	1654	0000	17
		i1_rdBlkRegCompleteHandler		CODE           	17C9	0000	26
		i1_i2c_driver_startRX		CODE           	1453	0000	4
		i1_i2c_driver_sendACK		CODE           	147B	0000	5
		i1_wr2RegCompleteHandler		CODE           	1675	0000	19
		i1_returnStop  		CODE           	1446	0000	3

shared estimated size: 686

mcc_generated_files/mcc.c
		_WDT_Initialize		CODE           	1487	0000	5
		_OSCILLATOR_Initialize		CODE           	15C4	0000	13
		_SYSTEM_Initialize		CODE           	1710	0000	23

mcc_generated_files/mcc.c estimated size: 41

mcc_generated_files/drivers/i2c_master.c
		_i2c_setDataCompleteCallback		CODE           	161B	0000	15
		_returnStop    		CODE           	14CB	0000	7
		_i2c_setBuffer 		CODE           	1726	0000	24
		_i2c_busCollisionISR		CODE           	1477	0000	5
		_i2c_ISR       		CODE           	0567	0000	50
		_i2c_close     		CODE           	17E2	0000	31
		_i2c_masterOperation		CODE           	061C	0000	43
		_do_I2C_TX_EMPTY		CODE           	0420	0000	58
		_setCallBack   		CODE           	06C0	0000	40
		_returnReset   		CODE           	14D1	0000	7
		_do_I2C_SEND_RESTART_WRITE		CODE           	156D	0000	10
		_i2c_poller    		CODE           	1629	0000	15
		_i2c_masterWrite		CODE           	14C0	0000	6
		_do_I2C_DO_NACK_RESTART		CODE           	159A	0000	10
		_do_I2C_SEND_RESTART_READ		CODE           	1564	0000	10
		_i2c_setAddressNACKCallback		CODE           	1637	0000	15
		_do_I2C_SEND_ADR_WRITE		CODE           	15DC	0000	13
		_do_I2C_SEND_STOP		CODE           	157F	0000	10
		_i2c_open      		CODE           	0287	0000	82
		_do_I2C_SEND_ADR_READ		CODE           	160E	0000	14
		_do_I2C_DO_NACK_STOP		CODE           	1591	0000	10
		_do_I2C_SEND_RESTART		CODE           	1576	0000	10
		_do_I2C_RX     		CODE           	0234	0000	84
		_do_I2C_TX     		CODE           	012C	0000	91
		_do_I2C_IDLE   		CODE           	155B	0000	10
		_do_I2C_RCEN   		CODE           	15AD	0000	12
		_do_I2C_DO_ADDRESS_NACK		CODE           	04FF	0000	53
		_do_I2C_RESET  		CODE           	15D0	0000	13
		_do_I2C_DO_ACK 		CODE           	1588	0000	10

mcc_generated_files/drivers/i2c_master.c estimated size: 758

mcc_generated_files/drivers/i2c_types.c
		_i2c_restartWrite		CODE           	14D7	0000	7

mcc_generated_files/drivers/i2c_types.c estimated size: 7

mcc_generated_files/memory.c
		_DATAEE_WriteByte		CODE           	077C	0000	37
		_DATAEE_ReadByte		CODE           	1601	0000	14

mcc_generated_files/memory.c estimated size: 51

mcc_generated_files/eusart.c
		_EUSART_Initialize		CODE           	0757	0000	38
		_EUSART_SetFramingErrorHandler		CODE           	1537	0000	10
		_EUSART_SetErrorHandler		CODE           	152E	0000	10
		_EUSART_SetOverrunErrorHandler		CODE           	1540	0000	10

mcc_generated_files/eusart.c estimated size: 68

main.c
		_FIR_filter    		CODE           	00CF	0000	94
		_updateMonth   		CODE           	17B1	0000	25
		_initRTC       		CODE           	0186	0000	90
		_main          		CODE           	0846	0000	1979
		_updateRTC     		CODE           	07E5	0000	28
		_bcdDateDecr   		CODE           	0732	0000	38
		_bcdDateIncr   		CODE           	070D	0000	38
		_bcdHourDecr   		CODE           	0826	0000	33
		_bcdHourIncr   		CODE           	07C4	0000	34
		_intToBCD      		CODE           	0323	0000	72
		_clearAlarmFlag		CODE           	16BD	0000	20
		_bcdMinuteDecr 		CODE           	0492	0000	57
		_bcdMinuteIncr 		CODE           	0459	0000	58
		_secondISR     		CODE           	03E5	0000	60
		_updateAlarm1  		CODE           	0698	0000	41
		_updateAlarm2  		CODE           	0670	0000	41
		_updateDate    		CODE           	1799	0000	25
		_displayRefreshISR		CODE           	005F	0000	113
		_bcdMonthDecr  		CODE           	16D0	0000	22
		_bcdMonthIncr  		CODE           	16E5	0000	22

main.c estimated size: 2890

