Microchip MPLAB XC8 Compiler V2.10 ()

Linker command line:

-W-3 --edf=/opt/microchip/xc8/v2.10/pic/dat/en_msgs.txt -cs \
  -h+dist/default/production/kClock.X.production.sym \
  --cmf=dist/default/production/kClock.X.production.cmf -z -Q16F1939 \
  -o/tmp/xcXGIKvaL --defsym=__MPLAB_BUILD=1 \
  -Mdist/default/production/kClock.X.production.map -E1 -ver=XC8 \
  --acfsm=1493 -ASTACK=0206Dh-023EFh -pstack=STACK -ACODE=00h-07FFhx8 \
  -ASTRCODE=00h-03FFFh -ASTRING=00h-0FFhx64 -ACONST=00h-0FFhx64 \
  -AENTRY=00h-0FFhx64 -ACOMMON=070h-07Fh -ABANK0=020h-06Fh \
  -ABANK1=0A0h-0EFh -ABANK2=0120h-016Fh -ABANK3=01A0h-01EFh \
  -ABANK4=0220h-026Fh -ABANK5=02A0h-02EFh -ABANK6=0320h-036Fh \
  -ABANK7=03A0h-03EFh -ABANK8=0420h-046Fh -ABANK9=04A0h-04EFh \
  -ABANK10=0520h-056Fh -ABANK11=05A0h-05EFh -ABANK12=0620h-064Fh \
  -ABIGRAM=02000h-023EFh \
  -ARAM=020h-06Fh,0A0h-0EFh,0120h-016Fh,01A0h-01EFh,0220h-026Fh,02A0h-02EFh,0320h-036Fh,03A0h-03EFh,0420h-046Fh,04A0h-04EFh,0520h-056Fh,05A0h-05EFh,0620h-064Fh \
  -AABS1=020h-07Fh,0A0h-0EFh,0120h-016Fh,01A0h-01EFh,0220h-026Fh,02A0h-02EFh,0320h-036Fh,03A0h-03EFh,0420h-046Fh,04A0h-04EFh,0520h-056Fh,05A0h-05EFh,0620h-064Fh \
  -ASFR0=00h-01Fh -ASFR1=080h-09Fh -ASFR2=0100h-011Fh -ASFR3=0180h-019Fh \
  -ASFR4=0200h-021Fh -ASFR5=0280h-029Fh -ASFR6=0300h-031Fh \
  -ASFR7=0380h-039Fh -ASFR8=0400h-041Fh -ASFR9=0480h-049Fh \
  -ASFR10=0500h-051Fh -ASFR11=0580h-059Fh -ASFR12=0600h-061Fh \
  -ASFR13=0680h-06EFh -ASFR14=0700h-076Fh -ASFR15=0780h-07EFh \
  -ASFR16=0800h-086Fh -ASFR17=0880h-08EFh -ASFR18=0900h-096Fh \
  -ASFR19=0980h-09EFh -ASFR20=0A00h-0A6Fh -ASFR21=0A80h-0AEFh \
  -ASFR22=0B00h-0B6Fh -ASFR23=0B80h-0BEFh -ASFR24=0C00h-0C6Fh \
  -ASFR25=0C80h-0CEFh -ASFR26=0D00h-0D6Fh -ASFR27=0D80h-0DEFh \
  -ASFR28=0E00h-0E6Fh -ASFR29=0E80h-0EEFh -ASFR30=0F00h-0F6Fh \
  -ASFR31=0F80h-0FEFh -preset_vec=00h,intentry=04h,init,end_init \
  -ppowerup=CODE -pcinit=CODE -pfunctab=ENTRY -ACONFIG=08007h-08008h \
  -pconfig=CONFIG -DCONFIG=2 -AIDLOC=08000h-08003h -pidloc=IDLOC -DIDLOC=2 \
  -AEEDATA=00h-0FFh/0F000h -peeprom_data=EEDATA -DEEDATA=2 -DCODE=2 \
  -DSTRCODE=2 -DSTRING=2 -DCONST=2 -DENTRY=2 -k /tmp/xcXw0aLYX.o \
  dist/default/production/kClock.X.production.o 

Object code version is 3.11

Machine type is 16F1939



                Name                               Link     Load   Length Selector   Space Scale
/tmp/xcXw0aLYX.o
                end_init                             44       44        2        8       0
                reset_vec                             0        0        2        0       0
                config                             8007     8007        2    1000E       0
dist/default/production/kClock.X.production.o
                cinit                                46       46       1A        8       0
                intentry                              4        4       40        8       0
                text124                             F05      F05       2E     1E0A       0
                text123                             A45      A45        1     148A       0
                text122                             C26      C26        F     184C       0
                text121                             B2D      B2D        9     165A       0
                text120                             3DF      3DF       70        8       0
                text119                             A46      A46        1     148C       0
                text118                             BA5      BA5        C     174A       0
                text117                             B05      B05        8     160A       0
                text116                             A4D      A4D        3     149A       0
                text115                             A7A      A7A        4     14F4       0
                text114                             A7E      A7E        4     14FC       0
                text113                             A50      A50        3     14A0       0
                text112                             A53      A53        3     14A6       0
                text111                             C35      C35       10     186A       0
                text110                             E07      E07       26     1C0E       0
                text109                             BEE      BEE        E     17DC       0
                text108                             C56      C56       12     18AC       0
                text107                             A49      A49        2     1492       0
                text106                             A4B      A4B        2     1496       0
                text105                             C68      C68       12     18D0       0
                text104                             C7A      C7A       12     18F4       0
                text103                             C8C      C8C       12     1918       0
                text102                             D3A      D3A       19     1A74       0
                text101                               2        2        2        0       0
                text100                             A56      A56        3     14AC       0
                text99                              A47      A47        1     148E       0
                text98                              A82      A82        4     1504       0
                text97                              A59      A59        3     14B2       0
                text96                              A96      A96        5     152C       0
                text95                              B0D      B0D        8     161A       0
                text94                              A5C      A5C        3     14B8       0
                text93                              F64      F64       34     1EC8       0
                text92                              B15      B15        8     162A       0
                text91                              A9B      A9B        5     1536       0
                text90                              AA0      AA0        5     1540       0
                text89                              AA5      AA5        5     154A       0
                text88                              AAA      AAA        5     1554       0
                text87                              AAF      AAF        5     155E       0
                text86                              B36      B36        9     166C       0
                text85                              B1D      B1D        8     163A       0
                text84                              AFE      AFE        7     15FC       0
                text83                              AB4      AB4        5     1568       0
                text82                              AB9      AB9        5     1572       0
                text81                              ABE      ABE        5     157C       0
                text80                              EAB      EAB       2D     1D56       0
                text79                              4A9      4A9       55        8       0
                text78                              5A2      5A2       4B        8       0
                text77                              A5F      A5F        3     14BE       0
                text76                              E2D      E2D       2A     1C5A       0
                text74                              DE3      DE3       24     1BC6       0
                text73                              5ED      5ED       49        8       0
                text72                              B25      B25        8     164A       0
                text71                              A86      A86        4     150C       0
                text70                              BB1      BB1        C     1762       0
                text69                              AC8      AC8        6     1590       0
                text68                              ED8      ED8       2D     1DB0       0
                text67                              ACE      ACE        6     159C       0
                text66                              CB1      CB1       16     1962       0
                text65                              A8A      A8A        4     1514       0
                text64                              C9E      C9E       13     193C       0
                text63                              D6E      D6E       1C     1ADC       0
                text62                              D8A      D8A       1D     1B14       0
                text61                              F98      F98       34     1F30       0
                text60                              7A4      7A4       35        8       0
                text59                              A62      A62        3     14C4       0
                text58                              A65      A65        3     14CA       0
                text57                              DA7      DA7       1E     1B4E       0
                text56                              A68      A68        3     14D0       0
                text55                              A8E      A8E        4     151C       0
                text54                              A6B      A6B        3     14D6       0
                text53                              A6E      A6E        3     14DC       0
                text52                              CC7      CC7       17     198E       0
                text51                              7D9      7D9       27        8       0
                text50                              BFC      BFC        E     17F8       0
                text49                              CDE      CDE       17     19BC       0
                text48                              AD4      AD4        6     15A8       0
                text47                              ADA      ADA        6     15B4       0
                text46                              AE0      AE0        6     15C0       0
                text45                              CF5      CF5       17     19EA       0
                text44                              D0C      D0C       17     1A18       0
                text43                              D23      D23       17     1A46       0
                text42                              DC5      DC5       1E     1B8A       0
                text41                              A71      A71        3     14E2       0
                text40                              A48      A48        1     1490       0
                text39                              A92      A92        4     1524       0
                text38                              A74      A74        3     14E8       0
                text37                              AE6      AE6        6     15CC       0
                text36                              B3F      B3F        9     167E       0
                text35                              A77      A77        3     14EE       0
                text34                              736      736       39        8       0
                text33                              BBD      BBD        C     177A       0
                text32                              B48      B48        9     1690       0
                text31                              B51      B51        9     16A2       0
                text30                              B5A      B5A        9     16B4       0
                text29                              B63      B63        9     16C6       0
                text28                              B6C      B6C        9     16D8       0
                text27                              BE1      BE1        D     17C2       0
                text26                              BC9      BC9        C     1792       0
                text25                              B9A      B9A        B     1734       0
                text24                              B75      B75        9     16EA       0
                text23                              B7E      B7E        9     16FC       0
                text22                              B87      B87        9     170E       0
                text21                              FCC      FCC       34     1F98       0
                text20                              44F      44F       5A        8       0
                text19                              4FE      4FE       53        8       0
                text18                              F33      F33       31     1E66       0
                text17                              C45      C45       11     188A       0
                text16                              C0A      C0A        E     1814       0
                text15                              B90      B90        A     1720       0
                text14                              E57      E57       2A     1CAE       0
                text13                              AC3      AC3        5     1586       0
                text12                              BD5      BD5        C     17AA       0
                text11                              AEC      AEC        6     15D8       0
                text10                              AF2      AF2        6     15E4       0
                text9                               551      551       51        8       0
                text8                               C18      C18        E     1830       0
                text7                               6BB      6BB       3E        8       0
                text6                               E81      E81       2A     1D02       0
                text5                               67D      67D       3E        8       0
                text4                               6F9      6F9       3D        8       0
                text3                               76F      76F       35        8       0
                text2                               636      636       47        8       0
                text1                               D53      D53       1B     1AA6       0
                maintext                             60       60      37F        8       0
                cstackBANK0                          53       53       1A       20       1
                cstackCOMMON                         70       70        8       70       1
                clrtext                             AF8      AF8        6     15F0       0
                bssBANK1                             A0       A0       1D       A0       1
                bssBANK0                             20       20       33       20       1
                bssCOMMON                            78       78        6       70       1
                nvBANK0                              6D       6D        2       20       1
                stringtext2                        1020     1020        A     2000       0
                stringtext1                        1000     1000       20     2000       0

TOTAL           Name                               Link     Load   Length     Space
        CLASS   STACK          

        CLASS   CODE           
                end_init                             44       44        2         0
                cinit                                46       46       1A         0
                intentry                              4        4       40         0
                reset_vec                             0        0        2         0
                text124                             F05      F05       2E         0
                text123                             A45      A45        1         0
                text122                             C26      C26        F         0
                text121                             B2D      B2D        9         0
                text120                             3DF      3DF       70         0
                text119                             A46      A46        1         0
                text118                             BA5      BA5        C         0
                text117                             B05      B05        8         0
                text116                             A4D      A4D        3         0
                text115                             A7A      A7A        4         0
                text114                             A7E      A7E        4         0
                text113                             A50      A50        3         0
                text112                             A53      A53        3         0
                text111                             C35      C35       10         0
                text110                             E07      E07       26         0
                text109                             BEE      BEE        E         0
                text108                             C56      C56       12         0
                text107                             A49      A49        2         0
                text106                             A4B      A4B        2         0
                text105                             C68      C68       12         0
                text104                             C7A      C7A       12         0
                text103                             C8C      C8C       12         0
                text102                             D3A      D3A       19         0
                text101                               2        2        2         0
                text100                             A56      A56        3         0
                text99                              A47      A47        1         0
                text98                              A82      A82        4         0
                text97                              A59      A59        3         0
                text96                              A96      A96        5         0
                text95                              B0D      B0D        8         0
                text94                              A5C      A5C        3         0
                text93                              F64      F64       34         0
                text92                              B15      B15        8         0
                text91                              A9B      A9B        5         0
                text90                              AA0      AA0        5         0
                text89                              AA5      AA5        5         0
                text88                              AAA      AAA        5         0
                text87                              AAF      AAF        5         0
                text86                              B36      B36        9         0
                text85                              B1D      B1D        8         0
                text84                              AFE      AFE        7         0
                text83                              AB4      AB4        5         0
                text82                              AB9      AB9        5         0
                text81                              ABE      ABE        5         0
                text80                              EAB      EAB       2D         0
                text79                              4A9      4A9       55         0
                text78                              5A2      5A2       4B         0
                text77                              A5F      A5F        3         0
                text76                              E2D      E2D       2A         0
                text74                              DE3      DE3       24         0
                text73                              5ED      5ED       49         0
                text72                              B25      B25        8         0
                text71                              A86      A86        4         0
                text70                              BB1      BB1        C         0
                text69                              AC8      AC8        6         0
                text68                              ED8      ED8       2D         0
                text67                              ACE      ACE        6         0
                text66                              CB1      CB1       16         0
                text65                              A8A      A8A        4         0
                text64                              C9E      C9E       13         0
                text63                              D6E      D6E       1C         0
                text62                              D8A      D8A       1D         0
                text61                              F98      F98       34         0
                text60                              7A4      7A4       35         0
                text59                              A62      A62        3         0
                text58                              A65      A65        3         0
                text57                              DA7      DA7       1E         0
                text56                              A68      A68        3         0
                text55                              A8E      A8E        4         0
                text54                              A6B      A6B        3         0
                text53                              A6E      A6E        3         0
                text52                              CC7      CC7       17         0
                text51                              7D9      7D9       27         0
                text50                              BFC      BFC        E         0
                text49                              CDE      CDE       17         0
                text48                              AD4      AD4        6         0
                text47                              ADA      ADA        6         0
                text46                              AE0      AE0        6         0
                text45                              CF5      CF5       17         0
                text44                              D0C      D0C       17         0
                text43                              D23      D23       17         0
                text42                              DC5      DC5       1E         0
                text41                              A71      A71        3         0
                text40                              A48      A48        1         0
                text39                              A92      A92        4         0
                text38                              A74      A74        3         0
                text37                              AE6      AE6        6         0
                text36                              B3F      B3F        9         0
                text35                              A77      A77        3         0
                text34                              736      736       39         0
                text33                              BBD      BBD        C         0
                text32                              B48      B48        9         0
                text31                              B51      B51        9         0
                text30                              B5A      B5A        9         0
                text29                              B63      B63        9         0
                text28                              B6C      B6C        9         0
                text27                              BE1      BE1        D         0
                text26                              BC9      BC9        C         0
                text25                              B9A      B9A        B         0
                text24                              B75      B75        9         0
                text23                              B7E      B7E        9         0
                text22                              B87      B87        9         0
                text21                              FCC      FCC       34         0
                text20                              44F      44F       5A         0
                text19                              4FE      4FE       53         0
                text18                              F33      F33       31         0
                text17                              C45      C45       11         0
                text16                              C0A      C0A        E         0
                text15                              B90      B90        A         0
                text14                              E57      E57       2A         0
                text13                              AC3      AC3        5         0
                text12                              BD5      BD5        C         0
                text11                              AEC      AEC        6         0
                text10                              AF2      AF2        6         0
                text9                               551      551       51         0
                text8                               C18      C18        E         0
                text7                               6BB      6BB       3E         0
                text6                               E81      E81       2A         0
                text5                               67D      67D       3E         0
                text4                               6F9      6F9       3D         0
                text3                               76F      76F       35         0
                text2                               636      636       47         0
                text1                               D53      D53       1B         0
                maintext                             60       60      37F         0
                clrtext                             AF8      AF8        6         0

        CLASS   STRCODE        
                stringtext2                        1020     1020        A         0
                stringtext1                        1000     1000       20         0

        CLASS   STRING         

        CLASS   CONST          

        CLASS   ENTRY          

        CLASS   COMMON         
                cstackCOMMON                         70       70        8         1
                bssCOMMON                            78       78        6         1

        CLASS   BANK0          
                cstackBANK0                          53       53       1A         1
                bssBANK0                             20       20       33         1
                nvBANK0                              6D       6D        2         1

        CLASS   BANK1          
                bssBANK1                             A0       A0       1D         1

        CLASS   BANK2          

        CLASS   BANK3          

        CLASS   BANK4          

        CLASS   BANK5          

        CLASS   BANK6          

        CLASS   BANK7          

        CLASS   BANK8          

        CLASS   BANK9          

        CLASS   BANK10         

        CLASS   BANK11         

        CLASS   BANK12         

        CLASS   BIGRAM         

        CLASS   RAM            

        CLASS   ABS1           
                abs_s1                               7E       7E        2         1

        CLASS   SFR0           

        CLASS   SFR1           

        CLASS   SFR2           

        CLASS   SFR3           

        CLASS   SFR4           

        CLASS   SFR5           

        CLASS   SFR6           

        CLASS   SFR7           

        CLASS   SFR8           

        CLASS   SFR9           

        CLASS   SFR10          

        CLASS   SFR11          

        CLASS   SFR12          

        CLASS   SFR13          

        CLASS   SFR14          

        CLASS   SFR15          

        CLASS   SFR16          

        CLASS   SFR17          

        CLASS   SFR18          

        CLASS   SFR19          

        CLASS   SFR20          

        CLASS   SFR21          

        CLASS   SFR22          

        CLASS   SFR23          

        CLASS   SFR24          

        CLASS   SFR25          

        CLASS   SFR26          

        CLASS   SFR27          

        CLASS   SFR28          

        CLASS   SFR29          

        CLASS   SFR30          

        CLASS   SFR31          

        CLASS   CONFIG         
                config                             8007     8007        2         0

        CLASS   IDLOC          

        CLASS   EEDATA         

        CLASS   BANK31         

        CLASS   BANK30         

        CLASS   BANK29         

        CLASS   BANK28         

        CLASS   BANK27         

        CLASS   BANK26         

        CLASS   BANK25         

        CLASS   BANK24         

        CLASS   BANK23         

        CLASS   BANK22         

        CLASS   BANK21         

        CLASS   BANK20         

        CLASS   BANK19         

        CLASS   BANK18         

        CLASS   BANK17         

        CLASS   BANK16         

        CLASS   BANK15         

        CLASS   BANK14         

        CLASS   BANK13         



SEGMENTS        Name                           Load    Length   Top    Selector   Space  Class     Delta

                reset_vec                      000000  000004  000004         0       0  CODE        2
                intentry                       000004  0007FC  000800         8       0  CODE        2
                bssBANK0                       000020  00004F  00006F        20       1  BANK0       1
                cstackCOMMON                   000070  00000E  00007E        70       1  COMMON      1
                bssBANK1                       0000A0  00001D  0000BD        A0       1  BANK1       1
                text123                        000A45  000001  000A46      148A       0  CODE        2
                text119                        000A46  000001  000A47      148C       0  CODE        2
                text99                         000A47  000001  000A48      148E       0  CODE        2
                text40                         000A48  000001  000A49      1490       0  CODE        2
                text107                        000A49  000002  000A4B      1492       0  CODE        2
                text106                        000A4B  000002  000A4D      1496       0  CODE        2
                text116                        000A4D  000003  000A50      149A       0  CODE        2
                text113                        000A50  000003  000A53      14A0       0  CODE        2
                text112                        000A53  000003  000A56      14A6       0  CODE        2
                text100                        000A56  000003  000A59      14AC       0  CODE        2
                text97                         000A59  000003  000A5C      14B2       0  CODE        2
                text94                         000A5C  000003  000A5F      14B8       0  CODE        2
                text77                         000A5F  000003  000A62      14BE       0  CODE        2
                text59                         000A62  000003  000A65      14C4       0  CODE        2
                text58                         000A65  000003  000A68      14CA       0  CODE        2
                text56                         000A68  000003  000A6B      14D0       0  CODE        2
                text54                         000A6B  000003  000A6E      14D6       0  CODE        2
                text53                         000A6E  000003  000A71      14DC       0  CODE        2
                text41                         000A71  000003  000A74      14E2       0  CODE        2
                text38                         000A74  000003  000A77      14E8       0  CODE        2
                text35                         000A77  000003  000A7A      14EE       0  CODE        2
                text115                        000A7A  000004  000A7E      14F4       0  CODE        2
                text114                        000A7E  000004  000A82      14FC       0  CODE        2
                text98                         000A82  000004  000A86      1504       0  CODE        2
                text71                         000A86  000004  000A8A      150C       0  CODE        2
                text65                         000A8A  000004  000A8E      1514       0  CODE        2
                text55                         000A8E  000004  000A92      151C       0  CODE        2
                text39                         000A92  000004  000A96      1524       0  CODE        2
                text96                         000A96  000005  000A9B      152C       0  CODE        2
                text91                         000A9B  000005  000AA0      1536       0  CODE        2
                text90                         000AA0  000005  000AA5      1540       0  CODE        2
                text89                         000AA5  000005  000AAA      154A       0  CODE        2
                text88                         000AAA  000005  000AAF      1554       0  CODE        2
                text87                         000AAF  000005  000AB4      155E       0  CODE        2
                text83                         000AB4  000005  000AB9      1568       0  CODE        2
                text82                         000AB9  000005  000ABE      1572       0  CODE        2
                text81                         000ABE  000005  000AC3      157C       0  CODE        2
                text13                         000AC3  000005  000AC8      1586       0  CODE        2
                text69                         000AC8  000006  000ACE      1590       0  CODE        2
                text67                         000ACE  000006  000AD4      159C       0  CODE        2
                text48                         000AD4  000006  000ADA      15A8       0  CODE        2
                text47                         000ADA  000006  000AE0      15B4       0  CODE        2
                text46                         000AE0  000006  000AE6      15C0       0  CODE        2
                text37                         000AE6  000006  000AEC      15CC       0  CODE        2
                text11                         000AEC  000006  000AF2      15D8       0  CODE        2
                text10                         000AF2  000006  000AF8      15E4       0  CODE        2
                clrtext                        000AF8  000006  000AFE      15F0       0  CODE        2
                text84                         000AFE  000007  000B05      15FC       0  CODE        2
                text117                        000B05  000008  000B0D      160A       0  CODE        2
                text95                         000B0D  000008  000B15      161A       0  CODE        2
                text92                         000B15  000008  000B1D      162A       0  CODE        2
                text85                         000B1D  000008  000B25      163A       0  CODE        2
                text72                         000B25  000008  000B2D      164A       0  CODE        2
                text121                        000B2D  000009  000B36      165A       0  CODE        2
                text86                         000B36  000009  000B3F      166C       0  CODE        2
                text36                         000B3F  000009  000B48      167E       0  CODE        2
                text32                         000B48  000009  000B51      1690       0  CODE        2
                text31                         000B51  000009  000B5A      16A2       0  CODE        2
                text30                         000B5A  000009  000B63      16B4       0  CODE        2
                text29                         000B63  000009  000B6C      16C6       0  CODE        2
                text28                         000B6C  000009  000B75      16D8       0  CODE        2
                text24                         000B75  000009  000B7E      16EA       0  CODE        2
                text23                         000B7E  000009  000B87      16FC       0  CODE        2
                text22                         000B87  000009  000B90      170E       0  CODE        2
                text15                         000B90  00000A  000B9A      1720       0  CODE        2
                text25                         000B9A  00000B  000BA5      1734       0  CODE        2
                text118                        000BA5  00000C  000BB1      174A       0  CODE        2
                text70                         000BB1  00000C  000BBD      1762       0  CODE        2
                text33                         000BBD  00000C  000BC9      177A       0  CODE        2
                text26                         000BC9  00000C  000BD5      1792       0  CODE        2
                text12                         000BD5  00000C  000BE1      17AA       0  CODE        2
                text27                         000BE1  00000D  000BEE      17C2       0  CODE        2
                text109                        000BEE  00000E  000BFC      17DC       0  CODE        2
                text50                         000BFC  00000E  000C0A      17F8       0  CODE        2
                text16                         000C0A  00000E  000C18      1814       0  CODE        2
                text8                          000C18  00000E  000C26      1830       0  CODE        2
                text122                        000C26  00000F  000C35      184C       0  CODE        2
                text111                        000C35  000010  000C45      186A       0  CODE        2
                text17                         000C45  000011  000C56      188A       0  CODE        2
                text108                        000C56  000012  000C68      18AC       0  CODE        2
                text105                        000C68  000012  000C7A      18D0       0  CODE        2
                text104                        000C7A  000012  000C8C      18F4       0  CODE        2
                text103                        000C8C  000012  000C9E      1918       0  CODE        2
                text64                         000C9E  000013  000CB1      193C       0  CODE        2
                text66                         000CB1  000016  000CC7      1962       0  CODE        2
                text52                         000CC7  000017  000CDE      198E       0  CODE        2
                text49                         000CDE  000017  000CF5      19BC       0  CODE        2
                text45                         000CF5  000017  000D0C      19EA       0  CODE        2
                text44                         000D0C  000017  000D23      1A18       0  CODE        2
                text43                         000D23  000017  000D3A      1A46       0  CODE        2
                text102                        000D3A  000019  000D53      1A74       0  CODE        2
                text1                          000D53  00001B  000D6E      1AA6       0  CODE        2
                text63                         000D6E  00001C  000D8A      1ADC       0  CODE        2
                text62                         000D8A  00001D  000DA7      1B14       0  CODE        2
                text57                         000DA7  00001E  000DC5      1B4E       0  CODE        2
                text42                         000DC5  00001E  000DE3      1B8A       0  CODE        2
                text74                         000DE3  000024  000E07      1BC6       0  CODE        2
                text110                        000E07  000026  000E2D      1C0E       0  CODE        2
                text76                         000E2D  00002A  000E57      1C5A       0  CODE        2
                text14                         000E57  00002A  000E81      1CAE       0  CODE        2
                text6                          000E81  00002A  000EAB      1D02       0  CODE        2
                text80                         000EAB  00002D  000ED8      1D56       0  CODE        2
                text68                         000ED8  00002D  000F05      1DB0       0  CODE        2
                text124                        000F05  00002E  000F33      1E0A       0  CODE        2
                text18                         000F33  000031  000F64      1E66       0  CODE        2
                text93                         000F64  000034  000F98      1EC8       0  CODE        2
                text61                         000F98  000034  000FCC      1F30       0  CODE        2
                text21                         000FCC  000034  001000      1F98       0  CODE        2
                stringtext1                    001000  00002A  00102A      2000       0  STRCODE     2
                config                         008007  000002  008009     1000E       0  CONFIG      2


UNUSED ADDRESS RANGES

        Name                Unused          Largest block    Delta
        BANK0            0006F-0006F               1           1
        BANK1            000BD-000EF              33           1
        BANK10           00520-0056F              50           1
        BANK11           005A0-005EF              50           1
        BANK12           00620-0064F              30           1
        BANK2            00120-0016F              50           1
        BANK3            001A0-001EF              50           1
        BANK4            00220-0026F              50           1
        BANK5            002A0-002EF              50           1
        BANK6            00320-0036F              50           1
        BANK7            003A0-003EF              50           1
        BANK8            00420-0046F              50           1
        BANK9            004A0-004EF              50           1
        BIGRAM           02000-023EF             3F0           1
        CODE             00800-00A44             245           2
                         0102A-03FFF             800
        CONST            00800-00A44             100           2
                         0102A-03FFF             100
        EEDATA           0F000-0F0FF             100           2
        ENTRY            00800-00A44             100           2
                         0102A-03FFF             100
        IDLOC            08000-08003               4           2
        RAM              0006F-0006F               1           1
                         000BD-000EF              33
                         00120-0016F              50
                         001A0-001EF              50
                         00220-0026F              50
                         002A0-002EF              50
                         00320-0036F              50
                         003A0-003EF              50
                         00420-0046F              50
                         004A0-004EF              50
                         00520-0056F              50
                         005A0-005EF              50
                         00620-0064F              30
        SFR0             00000-0001F              20           1
        SFR1             00080-0009F              20           1
        SFR10            00500-0051F              20           1
        SFR11            00580-0059F              20           1
        SFR12            00600-0061F              20           1
        SFR13            00680-006EF              70           1
        SFR14            00700-0076F              70           1
        SFR15            00780-007EF              70           1
        SFR16            00800-0086F              70           1
        SFR17            00880-008EF              70           1
        SFR18            00900-0096F              70           1
        SFR19            00980-009EF              70           1
        SFR2             00100-0011F              20           1
        SFR20            00A00-00A6F              70           1
        SFR21            00A80-00AEF              70           1
        SFR22            00B00-00B6F              70           1
        SFR23            00B80-00BEF              70           1
        SFR24            00C00-00C6F              70           1
        SFR25            00C80-00CEF              70           1
        SFR26            00D00-00D6F              70           1
        SFR27            00D80-00DEF              70           1
        SFR28            00E00-00E6F              70           1
        SFR29            00E80-00EEF              70           1
        SFR3             00180-0019F              20           1
        SFR30            00F00-00F6F              70           1
        SFR31            00F80-00FEF              70           1
        SFR4             00200-0021F              20           1
        SFR5             00280-0029F              20           1
        SFR6             00300-0031F              20           1
        SFR7             00380-0039F              20           1
        SFR8             00400-0041F              20           1
        SFR9             00480-0049F              20           1
        STACK            0206D-023EF             383           1
        STRCODE          00800-00A44             245           2
                         0102A-03FFF            2FD6
        STRING           00800-00A44             100           2
                         0102A-03FFF             100

                                  Symbol Table

?_ADC_GetConversion                         cstackBANK0  00053
?_FIR_filter                                cstackBANK0  00057
?___lwdiv                                   cstackBANK0  00053
?___lwmod                                   cstackBANK0  00053
?_intToBCD                                  cstackBANK0  0005F
ADC_GetConversion@channel                   cstackBANK0  00056
FIR_filter@buffer                           bssBANK0     00020
FIR_filter@oldest                           bssBANK0     00040
FIR_filter@sample                           cstackBANK0  00057
FIR_filter@sum                              bssBANK0     00030
IOCBF4_SetInterruptHandler@InterruptHandler cstackBANK0  00053
TMR0_SetInterruptHandler@InterruptHandler   cstackBANK0  00053
_ADCON0                                     (abs)        0009D
_ADCON0bits                                 (abs)        0009D
_ADCON1                                     (abs)        0009E
_ADC_GetConversion                          text74       00DE3
_ADC_Initialize                             text72       00B25
_ADRESH                                     (abs)        0009C
_ADRESL                                     (abs)        0009B
_ANSELA                                     (abs)        0018C
_ANSELB                                     (abs)        0018D
_ANSELD                                     (abs)        0018F
_ANSELE                                     (abs)        00190
_APFCON                                     (abs)        0011D
_BORCON                                     (abs)        00116
_EEADRH                                     (abs)        00192
_EEADRL                                     (abs)        00191
_EECON1bits                                 (abs)        00195
_EECON2                                     (abs)        00196
_EEDATH                                     (abs)        00194
_EEDATL                                     (abs)        00193
_FIR_filter                                 text73       005ED
_FVRCON                                     (abs)        00117
_FVRCONbits                                 (abs)        00117
_FVR_Initialize                             text71       00A86
_INTCONbits                                 (abs)        0000B
_INTERRUPT_InterruptManager                 intentry     00004
_IOCBF4_DefaultInterruptHandler             text123      00A45
_IOCBF4_ISR                                 text122      00C26
_IOCBF4_InterruptHandler                    nvBANK0      0006D
_IOCBF4_SetInterruptHandler                 text69       00AC8
_IOCBFbits                                  (abs)        00396
_IOCBNbits                                  (abs)        00395
_IOCBPbits                                  (abs)        00394
_LATA                                       (abs)        0010C
_LATAbits                                   (abs)        0010C
_LATB                                       (abs)        0010D
_LATC                                       (abs)        0010E
_LATCbits                                   (abs)        0010E
_LATD                                       (abs)        0010F
_LATE                                       (abs)        00110
_LATEbits                                   (abs)        00110
_OPTION_REG                                 (abs)        00095
_OPTION_REGbits                             (abs)        00095
_OSCCON                                     (abs)        00099
_OSCILLATOR_Initialize                      text70       00BB1
_OSCTUNE                                    (abs)        00098
_PIE1bits                                   (abs)        00091
_PIE2bits                                   (abs)        00092
_PIN_MANAGER_IOC                            text121      00B2D
_PIN_MANAGER_Initialize                     text68       00ED8
_PIR1bits                                   (abs)        00011
_PIR2bits                                   (abs)        00012
_PLLR                                       (abs)        004D6
_PORTBbits                                  (abs)        0000D
_SSPADD                                     (abs)        00212
_SSPBUF                                     (abs)        00211
_SSPCON1                                    (abs)        00215
_SSPCON1bits                                (abs)        00215
_SSPCON2                                    (abs)        00216
_SSPCON2bits                                (abs)        00216
_SSPMSK                                     (abs)        00213
_SSPSTAT                                    (abs)        00214
_SSPSTATbits                                (abs)        00214
_SYSTEM_Initialize                          text64       00C9E
_TMR0                                       (abs)        00015
_TMR0_CallBack                              text118      00BA5
_TMR0_DefaultInterruptHandler               text119      00A46
_TMR0_ISR                                   text117      00B05
_TMR0_Initialize                            text66       00CB1
_TMR0_InterruptHandler                      bssCOMMON    00078
_TMR0_SetInterruptHandler                   text67       00ACE
_TRISA                                      (abs)        0008C
_TRISB                                      (abs)        0008D
_TRISC                                      (abs)        0008E
_TRISD                                      (abs)        0008F
_TRISE                                      (abs)        00090
_WDTCON                                     (abs)        00097
_WDT_Initialize                             text65       00A8A
_WPUB                                       (abs)        0020D
_WPUE                                       (abs)        00210
__CFG_BOREN$ON                              (abs)        00000
__CFG_BORV$LO                               (abs)        00000
__CFG_CLKOUTEN$OFF                          (abs)        00000
__CFG_CP$ON                                 (abs)        00000
__CFG_CPD$OFF                               (abs)        00000
__CFG_FCMEN$ON                              (abs)        00000
__CFG_FOSC$INTOSC                           (abs)        00000
__CFG_IESO$ON                               (abs)        00000
__CFG_LVP$ON                                (abs)        00000
__CFG_MCLRE$ON                              (abs)        00000
__CFG_PLLEN$ON                              (abs)        00000
__CFG_PWRTE$ON                              (abs)        00000
__CFG_STVREN$ON                             (abs)        00000
__CFG_VCAPEN$RA0                            (abs)        00000
__CFG_WDTE$ON                               (abs)        00000
__CFG_WRT$OFF                               (abs)        00000
__Habs1                                     abs1         00000
__Hbank0                                    bank0        00000
__Hbank1                                    bank1        00000
__Hbank10                                   bank10       00000
__Hbank11                                   bank11       00000
__Hbank12                                   bank12       00000
__Hbank13                                   bank13       00000
__Hbank14                                   bank14       00000
__Hbank15                                   bank15       00000
__Hbank16                                   bank16       00000
__Hbank17                                   bank17       00000
__Hbank18                                   bank18       00000
__Hbank19                                   bank19       00000
__Hbank2                                    bank2        00000
__Hbank20                                   bank20       00000
__Hbank21                                   bank21       00000
__Hbank22                                   bank22       00000
__Hbank23                                   bank23       00000
__Hbank24                                   bank24       00000
__Hbank25                                   bank25       00000
__Hbank26                                   bank26       00000
__Hbank27                                   bank27       00000
__Hbank28                                   bank28       00000
__Hbank29                                   bank29       00000
__Hbank3                                    bank3        00000
__Hbank30                                   bank30       00000
__Hbank31                                   bank31       00000
__Hbank4                                    bank4        00000
__Hbank5                                    bank5        00000
__Hbank6                                    bank6        00000
__Hbank7                                    bank7        00000
__Hbank8                                    bank8        00000
__Hbank9                                    bank9        00000
__Hbigram                                   bigram       00000
__HbssBANK0                                 bssBANK0     00000
__HbssBANK1                                 bssBANK1     00000
__HbssCOMMON                                bssCOMMON    00000
__Hcinit                                    cinit        00060
__Hclrtext                                  clrtext      00000
__Hcode                                     code         00000
__Hcommon                                   common       00000
__Hconfig                                   config       08009
__HcstackBANK0                              cstackBANK0  00000
__HcstackCOMMON                             cstackCOMMON 00000
__Heeprom_data                              eeprom_data  00000
__Hend_init                                 end_init     00046
__Hfunctab                                  functab      00000
__Hidloc                                    idloc        00000
__Hinit                                     init         00044
__Hintentry                                 intentry     00044
__Hmaintext                                 maintext     00000
__HnvBANK0                                  nvBANK0      00000
__Hpowerup                                  powerup      00000
__Hram                                      ram          00000
__Hreset_vec                                reset_vec    00002
__Hsfr0                                     sfr0         00000
__Hsfr1                                     sfr1         00000
__Hsfr10                                    sfr10        00000
__Hsfr11                                    sfr11        00000
__Hsfr12                                    sfr12        00000
__Hsfr13                                    sfr13        00000
__Hsfr14                                    sfr14        00000
__Hsfr15                                    sfr15        00000
__Hsfr16                                    sfr16        00000
__Hsfr17                                    sfr17        00000
__Hsfr18                                    sfr18        00000
__Hsfr19                                    sfr19        00000
__Hsfr2                                     sfr2         00000
__Hsfr20                                    sfr20        00000
__Hsfr21                                    sfr21        00000
__Hsfr22                                    sfr22        00000
__Hsfr23                                    sfr23        00000
__Hsfr24                                    sfr24        00000
__Hsfr25                                    sfr25        00000
__Hsfr26                                    sfr26        00000
__Hsfr27                                    sfr27        00000
__Hsfr28                                    sfr28        00000
__Hsfr29                                    sfr29        00000
__Hsfr3                                     sfr3         00000
__Hsfr30                                    sfr30        00000
__Hsfr31                                    sfr31        00000
__Hsfr4                                     sfr4         00000
__Hsfr5                                     sfr5         00000
__Hsfr6                                     sfr6         00000
__Hsfr7                                     sfr7         00000
__Hsfr8                                     sfr8         00000
__Hsfr9                                     sfr9         00000
__Hspace_0                                  (abs)        08009
__Hspace_1                                  (abs)        000BD
__Hspace_2                                  (abs)        00000
__Hspace_3                                  (abs)        00000
__Hstack                                    stack        00000
__Hstrings                                  strings      00000
__Hstringtext1                              stringtext1  00000
__Hstringtext2                              stringtext2  00000
__Htext                                     text         00000
__Labs1                                     abs1         00000
__Lbank0                                    bank0        00000
__Lbank1                                    bank1        00000
__Lbank10                                   bank10       00000
__Lbank11                                   bank11       00000
__Lbank12                                   bank12       00000
__Lbank13                                   bank13       00000
__Lbank14                                   bank14       00000
__Lbank15                                   bank15       00000
__Lbank16                                   bank16       00000
__Lbank17                                   bank17       00000
__Lbank18                                   bank18       00000
__Lbank19                                   bank19       00000
__Lbank2                                    bank2        00000
__Lbank20                                   bank20       00000
__Lbank21                                   bank21       00000
__Lbank22                                   bank22       00000
__Lbank23                                   bank23       00000
__Lbank24                                   bank24       00000
__Lbank25                                   bank25       00000
__Lbank26                                   bank26       00000
__Lbank27                                   bank27       00000
__Lbank28                                   bank28       00000
__Lbank29                                   bank29       00000
__Lbank3                                    bank3        00000
__Lbank30                                   bank30       00000
__Lbank31                                   bank31       00000
__Lbank4                                    bank4        00000
__Lbank5                                    bank5        00000
__Lbank6                                    bank6        00000
__Lbank7                                    bank7        00000
__Lbank8                                    bank8        00000
__Lbank9                                    bank9        00000
__Lbigram                                   bigram       00000
__LbssBANK0                                 bssBANK0     00000
__LbssBANK1                                 bssBANK1     00000
__LbssCOMMON                                bssCOMMON    00000
__Lcinit                                    cinit        00046
__Lclrtext                                  clrtext      00000
__Lcode                                     code         00000
__Lcommon                                   common       00000
__Lconfig                                   config       08007
__LcstackBANK0                              cstackBANK0  00000
__LcstackCOMMON                             cstackCOMMON 00000
__Leeprom_data                              eeprom_data  00000
__Lend_init                                 end_init     00044
__Lfunctab                                  functab      00000
__Lidloc                                    idloc        00000
__Linit                                     init         00044
__Lintentry                                 intentry     00004
__Lmaintext                                 maintext     00000
__LnvBANK0                                  nvBANK0      00000
__Lpowerup                                  powerup      00000
__Lram                                      ram          00000
__Lreset_vec                                reset_vec    00000
__Lsfr0                                     sfr0         00000
__Lsfr1                                     sfr1         00000
__Lsfr10                                    sfr10        00000
__Lsfr11                                    sfr11        00000
__Lsfr12                                    sfr12        00000
__Lsfr13                                    sfr13        00000
__Lsfr14                                    sfr14        00000
__Lsfr15                                    sfr15        00000
__Lsfr16                                    sfr16        00000
__Lsfr17                                    sfr17        00000
__Lsfr18                                    sfr18        00000
__Lsfr19                                    sfr19        00000
__Lsfr2                                     sfr2         00000
__Lsfr20                                    sfr20        00000
__Lsfr21                                    sfr21        00000
__Lsfr22                                    sfr22        00000
__Lsfr23                                    sfr23        00000
__Lsfr24                                    sfr24        00000
__Lsfr25                                    sfr25        00000
__Lsfr26                                    sfr26        00000
__Lsfr27                                    sfr27        00000
__Lsfr28                                    sfr28        00000
__Lsfr29                                    sfr29        00000
__Lsfr3                                     sfr3         00000
__Lsfr30                                    sfr30        00000
__Lsfr31                                    sfr31        00000
__Lsfr4                                     sfr4         00000
__Lsfr5                                     sfr5         00000
__Lsfr6                                     sfr6         00000
__Lsfr7                                     sfr7         00000
__Lsfr8                                     sfr8         00000
__Lsfr9                                     sfr9         00000
__Lspace_0                                  (abs)        00000
__Lspace_1                                  (abs)        00000
__Lspace_2                                  (abs)        00000
__Lspace_3                                  (abs)        00000
__Lstack                                    stack        00000
__Lstrings                                  strings      00000
__Lstringtext1                              stringtext1  00000
__Lstringtext2                              stringtext2  00000
__Ltext                                     text         00000
__S0                                        (abs)        08009
__S1                                        (abs)        000BD
__S2                                        (abs)        00000
__S3                                        (abs)        00000
___int_sp                                   stack        00000
___latbits                                  (abs)        00003
___lwdiv                                    text4        006F9
___lwdiv@counter                            cstackBANK0  00058
___lwdiv@dividend                           cstackBANK0  00055
___lwdiv@divisor                            cstackBANK0  00053
___lwdiv@quotient                           cstackBANK0  00059
___lwmod                                    text3        0076F
___lwmod@counter                            cstackBANK0  00058
___lwmod@dividend                           cstackBANK0  00055
___lwmod@divisor                            cstackBANK0  00053
___sp                                       stack        00000
___stackhi                                  (abs)        023EF
___stacklo                                  (abs)        0206D
__end_of_ADC_GetConversion                  text74       00E07
__end_of_ADC_Initialize                     text72       00B2D
__end_of_FIR_filter                         text73       00636
__end_of_FVR_Initialize                     text71       00A8A
__end_of_INTERRUPT_InterruptManager         intentry     00044
__end_of_IOCBF4_DefaultInterruptHandler     text123      00A46
__end_of_IOCBF4_ISR                         text122      00C35
__end_of_IOCBF4_SetInterruptHandler         text69       00ACE
__end_of_OSCILLATOR_Initialize              text70       00BBD
__end_of_PIN_MANAGER_IOC                    text121      00B36
__end_of_PIN_MANAGER_Initialize             text68       00F05
__end_of_SYSTEM_Initialize                  text64       00CB1
__end_of_TMR0_CallBack                      text118      00BB1
__end_of_TMR0_DefaultInterruptHandler       text119      00A47
__end_of_TMR0_ISR                           text117      00B0D
__end_of_TMR0_Initialize                    text66       00CC7
__end_of_TMR0_SetInterruptHandler           text67       00AD4
__end_of_WDT_Initialize                     text65       00A8E
__end_of___lwdiv                            text4        00736
__end_of___lwmod                            text3        007A4
__end_of__initialization                    cinit        0005C
__end_of_bcdHourDecr                        text63       00D8A
__end_of_bcdHourIncr                        text62       00DA7
__end_of_bcdMinuteDecr                      text61       00FCC
__end_of_bcdMinuteIncr                      text60       007D9
__end_of_displayNum                         stringtext2  0102A
__end_of_displayRefreshISR                  text120      0044F
__end_of_do_I2C_DO_ACK                      text24       00B7E
__end_of_do_I2C_DO_ADDRESS_NACK             text21       01000
__end_of_do_I2C_DO_NACK_RESTART             text22       00B90
__end_of_do_I2C_DO_NACK_STOP                text23       00B87
__end_of_do_I2C_IDLE                        text32       00B51
__end_of_do_I2C_RCEN                        text25       00BA5
__end_of_do_I2C_RESET                       text33       00BC9
__end_of_do_I2C_RX                          text19       00551
__end_of_do_I2C_SEND_ADR_READ               text27       00BEE
__end_of_do_I2C_SEND_ADR_WRITE              text26       00BD5
__end_of_do_I2C_SEND_RESTART                text29       00B6C
__end_of_do_I2C_SEND_RESTART_READ           text31       00B5A
__end_of_do_I2C_SEND_RESTART_WRITE          text30       00B63
__end_of_do_I2C_SEND_STOP                   text28       00B75
__end_of_do_I2C_TX                          text20       004A9
__end_of_do_I2C_TX_EMPTY                    text34       0076F
__end_of_fsmStateTable                      stringtext1  01020
__end_of_i2c_ISR                            text18       00F64
__end_of_i2c_busCollisionISR                text115      00A7E
__end_of_i2c_close                          text57       00DC5
__end_of_i2c_driver_TXData                  text37       00AEC
__end_of_i2c_driver_clearBusCollision       text116      00A50
__end_of_i2c_driver_getRXData               text38       00A77
__end_of_i2c_driver_isNACK                  text36       00B48
__end_of_i2c_driver_open                    text12       00BE1
__end_of_i2c_driver_resetBus                text40       00A49
__end_of_i2c_driver_restart                 text54       00A6E
__end_of_i2c_driver_sendACK                 text55       00A92
__end_of_i2c_driver_sendNACK                text39       00A96
__end_of_i2c_driver_setBusCollisionISR      text11       00AF2
__end_of_i2c_driver_setI2cISR               text10       00AF8
__end_of_i2c_driver_start                   text56       00A6B
__end_of_i2c_driver_startRX                 text41       00A74
__end_of_i2c_driver_stop                    text53       00A71
__end_of_i2c_masterOperation                text14       00E81
__end_of_i2c_masterWrite                    text13       00AC8
__end_of_i2c_open                           text9        005A2
__end_of_i2c_poller                         text16       00C18
__end_of_i2c_readDataBlock                  text7        006F9
__end_of_i2c_restartWrite                   text46       00AE6
__end_of_i2c_setAddressNACKCallback         text8        00C26
__end_of_i2c_setBuffer                      text52       00CDE
__end_of_i2c_setDataCompleteCallback        text50       00C0A
__end_of_i2c_writeNBytes                    text6        00EAB
__end_of_initRTC                            text5        006BB
__end_of_intToBCD                           text2        0067D
__end_of_main                               maintext     003DF
__end_of_mssp_IRQisEnabled                  text15       00B9A
__end_of_mssp_clearIRQ                      text59       00A65
__end_of_mssp_disableIRQ                    text58       00A68
__end_of_mssp_setIRQ                        text35       00A7A
__end_of_mssp_waitForEvent                  text17       00C56
__end_of_rd1RegCompleteHandler              text44       00D23
__end_of_rd2RegCompleteHandler              text43       00D3A
__end_of_rdBlkRegCompleteHandler            text42       00DE3
__end_of_returnReset                        text47       00AE0
__end_of_returnStop                         text48       00ADA
__end_of_secondISR                          text124      00F33
__end_of_setCallBack                        text51       00800
__end_of_updateRTC                          text1        00D6E
__end_of_wr1RegCompleteHandler              text45       00D0C
__end_of_wr2RegCompleteHandler              text49       00CF5
__end_ofi1_do_I2C_DO_ACK                    text83       00AB9
__end_ofi1_do_I2C_DO_ADDRESS_NACK           text80       00ED8
__end_ofi1_do_I2C_DO_NACK_RESTART           text81       00AC3
__end_ofi1_do_I2C_DO_NACK_STOP              text82       00ABE
__end_ofi1_do_I2C_IDLE                      text91       00AA0
__end_ofi1_do_I2C_RCEN                      text84       00B05
__end_ofi1_do_I2C_RESET                     text92       00B1D
__end_ofi1_do_I2C_RX                        text78       005ED
__end_ofi1_do_I2C_SEND_ADR_READ             text86       00B3F
__end_ofi1_do_I2C_SEND_ADR_WRITE            text85       00B25
__end_ofi1_do_I2C_SEND_RESTART              text88       00AAF
__end_ofi1_do_I2C_SEND_RESTART_READ         text90       00AA5
__end_ofi1_do_I2C_SEND_RESTART_WRITE        text89       00AAA
__end_ofi1_do_I2C_SEND_STOP                 text87       00AB4
__end_ofi1_do_I2C_TX                        text79       004FE
__end_ofi1_do_I2C_TX_EMPTY                  text93       00F98
__end_ofi1_i2c_ISR                          text76       00E57
__end_ofi1_i2c_driver_TXData                text96       00A9B
__end_ofi1_i2c_driver_getRXData             text97       00A5C
__end_ofi1_i2c_driver_isNACK                text95       00B15
__end_ofi1_i2c_driver_resetBus              text99       00A48
__end_ofi1_i2c_driver_restart               text113      00A53
__end_ofi1_i2c_driver_sendACK               text114      00A82
__end_ofi1_i2c_driver_sendNACK              text98       00A86
__end_ofi1_i2c_driver_startRX               text100      00A59
__end_ofi1_i2c_driver_stop                  text112      00A56
__end_ofi1_i2c_restartWrite                 text101      00004
__end_ofi1_i2c_setBuffer                    text111      00C45
__end_ofi1_i2c_setDataCompleteCallback      text109      00BFC
__end_ofi1_mssp_clearIRQ                    text77       00A62
__end_ofi1_mssp_setIRQ                      text94       00A5F
__end_ofi1_rd1RegCompleteHandler            text104      00C8C
__end_ofi1_rd2RegCompleteHandler            text103      00C9E
__end_ofi1_rdBlkRegCompleteHandler          text102      00D53
__end_ofi1_returnReset                      text106      00A4D
__end_ofi1_returnStop                       text107      00A4B
__end_ofi1_setCallBack                      text110      00E2D
__end_ofi1_wr1RegCompleteHandler            text105      00C7A
__end_ofi1_wr2RegCompleteHandler            text108      00C68
__initialization                            cinit        00046
__pbssBANK0                                 bssBANK0     00020
__pbssBANK1                                 bssBANK1     000A0
__pbssCOMMON                                bssCOMMON    00078
__pcstackBANK0                              cstackBANK0  00053
__pcstackCOMMON                             cstackCOMMON 00070
__pintentry                                 intentry     00004
__pmaintext                                 maintext     00060
__pnvBANK0                                  nvBANK0      0006D
__pstringtext1                              stringtext1  01000
__pstringtext2                              stringtext2  01020
__ptext1                                    text1        00D53
__ptext10                                   text10       00AF2
__ptext100                                  text100      00A56
__ptext101                                  text101      00002
__ptext102                                  text102      00D3A
__ptext103                                  text103      00C8C
__ptext104                                  text104      00C7A
__ptext105                                  text105      00C68
__ptext106                                  text106      00A4B
__ptext107                                  text107      00A49
__ptext108                                  text108      00C56
__ptext109                                  text109      00BEE
__ptext11                                   text11       00AEC
__ptext110                                  text110      00E07
__ptext111                                  text111      00C35
__ptext112                                  text112      00A53
__ptext113                                  text113      00A50
__ptext114                                  text114      00A7E
__ptext115                                  text115      00A7A
__ptext116                                  text116      00A4D
__ptext117                                  text117      00B05
__ptext118                                  text118      00BA5
__ptext119                                  text119      00A46
__ptext12                                   text12       00BD5
__ptext120                                  text120      003DF
__ptext121                                  text121      00B2D
__ptext122                                  text122      00C26
__ptext123                                  text123      00A45
__ptext124                                  text124      00F05
__ptext13                                   text13       00AC3
__ptext14                                   text14       00E57
__ptext15                                   text15       00B90
__ptext16                                   text16       00C0A
__ptext17                                   text17       00C45
__ptext18                                   text18       00F33
__ptext19                                   text19       004FE
__ptext2                                    text2        00636
__ptext20                                   text20       0044F
__ptext21                                   text21       00FCC
__ptext22                                   text22       00B87
__ptext23                                   text23       00B7E
__ptext24                                   text24       00B75
__ptext25                                   text25       00B9A
__ptext26                                   text26       00BC9
__ptext27                                   text27       00BE1
__ptext28                                   text28       00B6C
__ptext29                                   text29       00B63
__ptext3                                    text3        0076F
__ptext30                                   text30       00B5A
__ptext31                                   text31       00B51
__ptext32                                   text32       00B48
__ptext33                                   text33       00BBD
__ptext34                                   text34       00736
__ptext35                                   text35       00A77
__ptext36                                   text36       00B3F
__ptext37                                   text37       00AE6
__ptext38                                   text38       00A74
__ptext39                                   text39       00A92
__ptext4                                    text4        006F9
__ptext40                                   text40       00A48
__ptext41                                   text41       00A71
__ptext42                                   text42       00DC5
__ptext43                                   text43       00D23
__ptext44                                   text44       00D0C
__ptext45                                   text45       00CF5
__ptext46                                   text46       00AE0
__ptext47                                   text47       00ADA
__ptext48                                   text48       00AD4
__ptext49                                   text49       00CDE
__ptext5                                    text5        0067D
__ptext50                                   text50       00BFC
__ptext51                                   text51       007D9
__ptext52                                   text52       00CC7
__ptext53                                   text53       00A6E
__ptext54                                   text54       00A6B
__ptext55                                   text55       00A8E
__ptext56                                   text56       00A68
__ptext57                                   text57       00DA7
__ptext58                                   text58       00A65
__ptext59                                   text59       00A62
__ptext6                                    text6        00E81
__ptext60                                   text60       007A4
__ptext61                                   text61       00F98
__ptext62                                   text62       00D8A
__ptext63                                   text63       00D6E
[...]
      Totals:         0       0       0       0       0       0       0       0       0       0       0       0       0       0
Total ram usage:        0 bytes
 Hardware stack levels used:    1
 Hardware stack levels required when called:    1
 This function calls:
		_i2c_driver_clearBusCollision
 This function is called by:
		_i2c_open
		_INTERRUPT_InterruptManager
 This function uses a non-reentrant model


 *************** function _i2c_driver_clearBusCollision *****************
 Defined at:
		line 254 in file "mcc_generated_files/i2c_driver.c"
 Parameters:    Size  Location     Type
		None
 Auto vars:     Size  Location     Type
		None
 Return value:  Size  Location     Type
                  1    wreg      void 
 Registers used:
		None
 Tracked objects:
		On entry : 
		On exit  : 
		Unchanged: 
 Data sizes:     COMMON   BANK0   BANK1   BANK2   BANK3   BANK4   BANK5   BANK6   BANK7   BANK8   BANK9  BANK10  BANK11  BANK12
      Params:         0       0       0       0       0       0       0       0       0       0       0       0       0       0
      Locals:         0       0       0       0       0       0       0       0       0       0       0       0       0       0
      Temps:          0       0       0       0       0       0       0       0       0       0       0       0       0       0
      Totals:         0       0       0       0       0       0       0       0       0       0       0       0       0       0
Total ram usage:        0 bytes
 Hardware stack levels used:    1
 This function calls:
		Nothing
 This function is called by:
		_i2c_busCollisionISR
 This function uses a non-reentrant model


 *************** function _TMR0_ISR *****************
 Defined at:
		line 108 in file "mcc_generated_files/tmr0.c"
 Parameters:    Size  Location     Type
		None
 Auto vars:     Size  Location     Type
		None
 Return value:  Size  Location     Type
                  1    wreg      void 
 Registers used:
		wreg, fsr0l, fsr0h, fsr1l, fsr1h, status,2, status,0, pclath, cstack
 Tracked objects:
		On entry : 
		On exit  : 
		Unchanged: 
 Data sizes:     COMMON   BANK0   BANK1   BANK2   BANK3   BANK4   BANK5   BANK6   BANK7   BANK8   BANK9  BANK10  BANK11  BANK12
      Params:         0       0       0       0       0       0       0       0       0       0       0       0       0       0
      Locals:         0       0       0       0       0       0       0       0       0       0       0       0       0       0
      Temps:          0       0       0       0       0       0       0       0       0       0       0       0       0       0
      Totals:         0       0       0       0       0       0       0       0       0       0       0       0       0       0
Total ram usage:        0 bytes
 Hardware stack levels used:    1
 Hardware stack levels required when called:    2
 This function calls:
		_TMR0_CallBack
 This function is called by:
		_INTERRUPT_InterruptManager
 This function uses a non-reentrant model


 *************** function _TMR0_CallBack *****************
 Defined at:
		line 123 in file "mcc_generated_files/tmr0.c"
 Parameters:    Size  Location     Type
		None
 Auto vars:     Size  Location     Type
		None
 Return value:  Size  Location     Type
                  1    wreg      void 
 Registers used:
		wreg, fsr0l, fsr0h, fsr1l, fsr1h, status,2, status,0, pclath, cstack
 Tracked objects:
		On entry : 
		On exit  : 
		Unchanged: 
 Data sizes:     COMMON   BANK0   BANK1   BANK2   BANK3   BANK4   BANK5   BANK6   BANK7   BANK8   BANK9  BANK10  BANK11  BANK12
      Params:         0       0       0       0       0       0       0       0       0       0       0       0       0       0
      Locals:         0       0       0       0       0       0       0       0       0       0       0       0       0       0
      Temps:          0       0       0       0       0       0       0       0       0       0       0       0       0       0
      Totals:         0       0       0       0       0       0       0       0       0       0       0       0       0       0
Total ram usage:        0 bytes
 Hardware stack levels used:    1
 Hardware stack levels required when called:    1
 This function calls:
		Absolute function
		_TMR0_DefaultInterruptHandler
		_displayRefreshISR
 This function is called by:
		_TMR0_ISR
 This function uses a non-reentrant model


 *************** function _TMR0_DefaultInterruptHandler *****************
 Defined at:
		line 137 in file "mcc_generated_files/tmr0.c"
 Parameters:    Size  Location     Type
		None
 Auto vars:     Size  Location     Type
		None
 Return value:  Size  Location     Type
                  1    wreg      void 
 Registers used:
		None
 Tracked objects:
		On entry : 
		On exit  : 
		Unchanged: 
 Data sizes:     COMMON   BANK0   BANK1   BANK2   BANK3   BANK4   BANK5   BANK6   BANK7   BANK8   BANK9  BANK10  BANK11  BANK12
      Params:         0       0       0       0       0       0       0       0       0       0       0       0       0       0
      Locals:         0       0       0       0       0       0       0       0       0       0       0       0       0       0
      Temps:          0       0       0       0       0       0       0       0       0       0       0       0       0       0
      Totals:         0       0       0       0       0       0       0       0       0       0       0       0       0       0
Total ram usage:        0 bytes
 Hardware stack levels used:    1
 This function calls:
		Nothing
 This function is called by:
		_TMR0_Initialize
		_TMR0_CallBack
 This function uses a non-reentrant model


 *************** function _displayRefreshISR *****************
 Defined at:
		line 476 in file "main.c"
 Parameters:    Size  Location     Type
		None
 Auto vars:     Size  Location     Type
		None
 Return value:  Size  Location     Type
                  1    wreg      void 
 Registers used:
		wreg, fsr0l, fsr0h, fsr1l, fsr1h, status,2, status,0
 Tracked objects:
		On entry : 
		On exit  : 
		Unchanged: 
 Data sizes:     COMMON   BANK0   BANK1   BANK2   BANK3   BANK4   BANK5   BANK6   BANK7   BANK8   BANK9  BANK10  BANK11  BANK12
      Params:         0       0       0       0       0       0       0       0       0       0       0       0       0       0
      Locals:         0       0       0       0       0       0       0       0       0       0       0       0       0       0
      Temps:          2       0       0       0       0       0       0       0       0       0       0       0       0       0
      Totals:         2       0       0       0       0       0       0       0       0       0       0       0       0       0
Total ram usage:        2 bytes
 Hardware stack levels used:    1
 This function calls:
		Nothing
 This function is called by:
		_main
		_TMR0_CallBack
 This function uses a non-reentrant model


 *************** function _PIN_MANAGER_IOC *****************
 Defined at:
		line 118 in file "mcc_generated_files/pin_manager.c"
 Parameters:    Size  Location     Type
		None
 Auto vars:     Size  Location     Type
		None
 Return value:  Size  Location     Type
                  1    wreg      void 
 Registers used:
		wreg, status,2, status,0, pclath, cstack
 Tracked objects:
		On entry : 
		On exit  : 
		Unchanged: 
 Data sizes:     COMMON   BANK0   BANK1   BANK2   BANK3   BANK4   BANK5   BANK6   BANK7   BANK8   BANK9  BANK10  BANK11  BANK12
      Params:         0       0       0       0       0       0       0       0       0       0       0       0       0       0
      Locals:         0       0       0       0       0       0       0       0       0       0       0       0       0       0
      Temps:          0       0       0       0       0       0       0       0       0       0       0       0       0       0
      Totals:         0       0       0       0       0       0       0       0       0       0       0       0       0       0
Total ram usage:        0 bytes
 Hardware stack levels used:    1
 Hardware stack levels required when called:    2
 This function calls:
		_IOCBF4_ISR
 This function is called by:
		_INTERRUPT_InterruptManager
 This function uses a non-reentrant model


 *************** function _IOCBF4_ISR *****************
 Defined at:
		line 130 in file "mcc_generated_files/pin_manager.c"
 Parameters:    Size  Location     Type
		None
 Auto vars:     Size  Location     Type
		None
 Return value:  Size  Location     Type
                  1    wreg      void 
 Registers used:
		wreg, status,2, status,0, pclath, cstack
 Tracked objects:
		On entry : 
		On exit  : 
		Unchanged: 
 Data sizes:     COMMON   BANK0   BANK1   BANK2   BANK3   BANK4   BANK5   BANK6   BANK7   BANK8   BANK9  BANK10  BANK11  BANK12
      Params:         0       0       0       0       0       0       0       0       0       0       0       0       0       0
      Locals:         0       0       0       0       0       0       0       0       0       0       0       0       0       0
      Temps:          0       0       0       0       0       0       0       0       0       0       0       0       0       0
      Totals:         0       0       0       0       0       0       0       0       0       0       0       0       0       0
Total ram usage:        0 bytes
 Hardware stack levels used:    1
 Hardware stack levels required when called:    1
 This function calls:
		Absolute function
		_IOCBF4_DefaultInterruptHandler
		_secondISR
 This function is called by:
		_PIN_MANAGER_IOC
 This function uses a non-reentrant model


 *************** function _IOCBF4_DefaultInterruptHandler *****************
 Defined at:
		line 152 in file "mcc_generated_files/pin_manager.c"
 Parameters:    Size  Location     Type
		None
 Auto vars:     Size  Location     Type
		None
 Return value:  Size  Location     Type
                  1    wreg      void 
 Registers used:
		None
 Tracked objects:
		On entry : 
		On exit  : 
		Unchanged: 
 Data sizes:     COMMON   BANK0   BANK1   BANK2   BANK3   BANK4   BANK5   BANK6   BANK7   BANK8   BANK9  BANK10  BANK11  BANK12
      Params:         0       0       0       0       0       0       0       0       0       0       0       0       0       0
      Locals:         0       0       0       0       0       0       0       0       0       0       0       0       0       0
      Temps:          0       0       0       0       0       0       0       0       0       0       0       0       0       0
      Totals:         0       0       0       0       0       0       0       0       0       0       0       0       0       0
Total ram usage:        0 bytes
 Hardware stack levels used:    1
 This function calls:
		Nothing
 This function is called by:
		_PIN_MANAGER_Initialize
		_IOCBF4_ISR
 This function uses a non-reentrant model


 *************** function _secondISR *****************
 Defined at:
		line 457 in file "main.c"
 Parameters:    Size  Location     Type
		None
 Auto vars:     Size  Location     Type
		None
 Return value:  Size  Location     Type
                  1    wreg      void 
 Registers used:
		wreg, status,2, status,0
 Tracked objects:
		On entry : 
		On exit  : 
		Unchanged: 
 Data sizes:     COMMON   BANK0   BANK1   BANK2   BANK3   BANK4   BANK5   BANK6   BANK7   BANK8   BANK9  BANK10  BANK11  BANK12
      Params:         0       0       0       0       0       0       0       0       0       0       0       0       0       0
      Locals:         0       0       0       0       0       0       0       0       0       0       0       0       0       0
      Temps:          0       0       0       0       0       0       0       0       0       0       0       0       0       0
      Totals:         0       0       0       0       0       0       0       0       0       0       0       0       0       0
Total ram usage:        0 bytes
 Hardware stack levels used:    1
 This function calls:
		Nothing
 This function is called by:
		_main
		_IOCBF4_ISR
 This function uses a non-reentrant model



MODULE INFORMATION

Module		Function		Class		Link	Load	Size
/opt/microchip/xc8/v2.10/pic/sources/c99/common/lwmod.c
		___lwmod       		CODE           	076F	0000	54

/opt/microchip/xc8/v2.10/pic/sources/c99/common/lwmod.c estimated size: 54

mcc_generated_files/fvr.c
		_FVR_Initialize		CODE           	0A86	0000	5

mcc_generated_files/fvr.c estimated size: 5

mcc_generated_files/interrupt_manager.c
		_INTERRUPT_InterruptManager		CODE           	0004	0000	65

mcc_generated_files/interrupt_manager.c estimated size: 65

mcc_generated_files/tmr0.c
		_TMR0_SetInterruptHandler		CODE           	0ACE	0000	7
		_TMR0_DefaultInterruptHandler		CODE           	0A46	0000	2
		_TMR0_CallBack 		CODE           	0BA5	0000	13
		_TMR0_ISR      		CODE           	0B05	0000	9
		_TMR0_Initialize		CODE           	0CB1	0000	23

mcc_generated_files/tmr0.c estimated size: 54

mcc_generated_files/pin_manager.c
		_PIN_MANAGER_Initialize		CODE           	0ED8	0000	46
		_IOCBF4_DefaultInterruptHandler		CODE           	0A45	0000	2
		_IOCBF4_ISR    		CODE           	0C26	0000	16
		_PIN_MANAGER_IOC		CODE           	0B2D	0000	10
		_IOCBF4_SetInterruptHandler		CODE           	0AC8	0000	7

mcc_generated_files/pin_manager.c estimated size: 81

/opt/microchip/xc8/v2.10/pic/sources/c99/common/lwdiv.c
		___lwdiv       		CODE           	06F9	0000	62

/opt/microchip/xc8/v2.10/pic/sources/c99/common/lwdiv.c estimated size: 62

mcc_generated_files/adc.c
		_ADC_Initialize		CODE           	0B25	0000	9
		_ADC_GetConversion		CODE           	0DE3	0000	37

mcc_generated_files/adc.c estimated size: 46

mcc_generated_files/i2c_driver.c
		_i2c_driver_clearBusCollision		CODE           	0A4D	0000	4
		_mssp_clearIRQ 		CODE           	0A62	0000	4
		_i2c_driver_setBusCollisionISR		CODE           	0AEC	0000	7
		_i2c_driver_restart		CODE           	0A6B	0000	4
		_mssp_IRQisEnabled		CODE           	0B90	0000	11
		_i2c_driver_startRX		CODE           	0A71	0000	4
		_i2c_driver_setI2cISR		CODE           	0AF2	0000	7
		_i2c_driver_getRXData		CODE           	0A74	0000	4
		_i2c_driver_TXData		CODE           	0AE6	0000	7
		_i2c_driver_start		CODE           	0A68	0000	4
		_i2c_driver_sendACK		CODE           	0A8E	0000	5
		_mssp_waitForEvent		CODE           	0C45	0000	18
		_i2c_driver_sendNACK		CODE           	0A92	0000	5
		_mssp_setIRQ   		CODE           	0A77	0000	4
		_i2c_driver_resetBus		CODE           	0A48	0000	2
		_mssp_disableIRQ		CODE           	0A65	0000	4
		_i2c_driver_open		CODE           	0BD5	0000	13
		_i2c_driver_isNACK		CODE           	0B3F	0000	10
		_i2c_driver_stop		CODE           	0A6E	0000	4

mcc_generated_files/i2c_driver.c estimated size: 121

mcc_generated_files/drivers/i2c_simple_master.c
		_i2c_readDataBlock		CODE           	06BB	0000	63
		_wr1RegCompleteHandler		CODE           	0CF5	0000	24
		_wr2RegCompleteHandler		CODE           	0CDE	0000	24
		_i2c_writeNBytes		CODE           	0E81	0000	43
		_rdBlkRegCompleteHandler		CODE           	0DC5	0000	31
		_rd1RegCompleteHandler		CODE           	0D0C	0000	24
		_rd2RegCompleteHandler		CODE           	0D23	0000	24

mcc_generated_files/drivers/i2c_simple_master.c estimated size: 233

shared
		i1_mssp_setIRQ 		CODE           	0A5C	0000	4
		i1_returnReset 		CODE           	0A4B	0000	3
		i1_do_I2C_SEND_ADR_READ		CODE           	0B36	0000	10
		i1_do_I2C_DO_NACK_STOP		CODE           	0AB9	0000	6
		_displayNum    		STRCODE        	1020	0000	11
		i1_setCallBack 		CODE           	0E07	0000	39
		i1_do_I2C_SEND_RESTART		CODE           	0AAA	0000	6
		i1_i2c_restartWrite		CODE           	0002	0000	3
		i1_do_I2C_TX_EMPTY		CODE           	0F64	0000	53
		i1_do_I2C_DO_NACK_RESTART		CODE           	0ABE	0000	6
		i1_do_I2C_SEND_RESTART_READ		CODE           	0AA0	0000	6
		i1_do_I2C_DO_ADDRESS_NACK		CODE           	0EAB	0000	46
		i1_i2c_driver_sendNACK		CODE           	0A82	0000	5
		i1_mssp_clearIRQ		CODE           	0A5F	0000	4
		i1_i2c_driver_isNACK		CODE           	0B0D	0000	9
		i1_rd1RegCompleteHandler		CODE           	0C7A	0000	19
		i1_i2c_driver_restart		CODE           	0A50	0000	4
		i1_i2c_driver_stop		CODE           	0A53	0000	4
		i1_do_I2C_RX   		CODE           	05A2	0000	76
		i1_do_I2C_TX   		CODE           	04A9	0000	86
		i1_i2c_ISR     		CODE           	0E2D	0000	43
		i1_i2c_driver_resetBus		CODE           	0A47	0000	2
		i1_do_I2C_IDLE 		CODE           	0A9B	0000	6
		i1_do_I2C_RCEN 		CODE           	0AFE	0000	8
		__initialization		CODE           	0046	0000	23
		i1_i2c_driver_getRXData		CODE           	0A59	0000	4
		i1_rd2RegCompleteHandler		CODE           	0C8C	0000	19
		i1_i2c_driver_TXData		CODE           	0A96	0000	6
		i1_i2c_setDataCompleteCallback		CODE           	0BEE	0000	15
		i1_do_I2C_RESET		CODE           	0B15	0000	9
		_fsmStateTable 		STRCODE        	1000	0000	33
		i1_do_I2C_SEND_RESTART_WRITE		CODE           	0AA5	0000	6
		i1_do_I2C_DO_ACK		CODE           	0AB4	0000	6
		i1_do_I2C_SEND_ADR_WRITE		CODE           	0B1D	0000	9
		i1_wr1RegCompleteHandler		CODE           	0C68	0000	19
		i1_do_I2C_SEND_STOP		CODE           	0AAF	0000	6
		i1_i2c_setBuffer		CODE           	0C35	0000	17
		i1_rdBlkRegCompleteHandler		CODE           	0D3A	0000	26
		i1_i2c_driver_startRX		CODE           	0A56	0000	4
		i1_i2c_driver_sendACK		CODE           	0A7E	0000	5
		i1_wr2RegCompleteHandler		CODE           	0C56	0000	19
		i1_returnStop  		CODE           	0A49	0000	3

shared estimated size: 688

mcc_generated_files/mcc.c
		_WDT_Initialize		CODE           	0A8A	0000	5
		_OSCILLATOR_Initialize		CODE           	0BB1	0000	13
		_SYSTEM_Initialize		CODE           	0C9E	0000	20

mcc_generated_files/mcc.c estimated size: 38

mcc_generated_files/drivers/i2c_master.c
		_i2c_setDataCompleteCallback		CODE           	0BFC	0000	15
		_returnStop    		CODE           	0AD4	0000	7
		_i2c_setBuffer 		CODE           	0CC7	0000	24
		_i2c_busCollisionISR		CODE           	0A7A	0000	5
		_i2c_ISR       		CODE           	0F33	0000	50
		_i2c_close     		CODE           	0DA7	0000	31
		_i2c_masterOperation		CODE           	0E57	0000	43
		_do_I2C_TX_EMPTY		CODE           	0736	0000	58
		_setCallBack   		CODE           	07D9	0000	40
		_returnReset   		CODE           	0ADA	0000	7
		_do_I2C_SEND_RESTART_WRITE		CODE           	0B5A	0000	10
		_i2c_poller    		CODE           	0C0A	0000	15
		_i2c_masterWrite		CODE           	0AC3	0000	6
		_do_I2C_DO_NACK_RESTART		CODE           	0B87	0000	10
		_do_I2C_SEND_RESTART_READ		CODE           	0B51	0000	10
		_i2c_setAddressNACKCallback		CODE           	0C18	0000	15
		_do_I2C_SEND_ADR_WRITE		CODE           	0BC9	0000	13
		_do_I2C_SEND_STOP		CODE           	0B6C	0000	10
		_i2c_open      		CODE           	0551	0000	82
		_do_I2C_SEND_ADR_READ		CODE           	0BE1	0000	14
		_do_I2C_DO_NACK_STOP		CODE           	0B7E	0000	10
		_do_I2C_SEND_RESTART		CODE           	0B63	0000	10
		_do_I2C_RX     		CODE           	04FE	0000	84
		_do_I2C_TX     		CODE           	044F	0000	91
		_do_I2C_IDLE   		CODE           	0B48	0000	10
		_do_I2C_RCEN   		CODE           	0B9A	0000	12
		_do_I2C_DO_ADDRESS_NACK		CODE           	0FCC	0000	53
		_do_I2C_RESET  		CODE           	0BBD	0000	13
		_do_I2C_DO_ACK 		CODE           	0B75	0000	10

mcc_generated_files/drivers/i2c_master.c estimated size: 758

mcc_generated_files/drivers/i2c_types.c
		_i2c_restartWrite		CODE           	0AE0	0000	7

mcc_generated_files/drivers/i2c_types.c estimated size: 7

main.c
		_FIR_filter    		CODE           	05ED	0000	74
		_initRTC       		CODE           	067D	0000	63
		_main          		CODE           	0060	0000	896
		_updateRTC     		CODE           	0D53	0000	28
		_bcdHourDecr   		CODE           	0D6E	0000	29
		_bcdHourIncr   		CODE           	0D8A	0000	30
		_intToBCD      		CODE           	0636	0000	72
		_bcdMinuteDecr 		CODE           	0F98	0000	53
		_bcdMinuteIncr 		CODE           	07A4	0000	54
		_secondISR     		CODE           	0F05	0000	47
		_displayRefreshISR		CODE           	03DF	0000	113

main.c estimated size: 1459

